Archive member included to satisfy reference by file (symbol)

c:/astudio/7.0/toolchain/arm/arm-gnu-toolchain/bin/../lib/gcc/arm-none-eabi/6.2.1/../../../../arm-none-eabi/lib/thumb/v7e-m\libc.a(lib_a-exit.o)
                              c:/astudio/7.0/toolchain/arm/arm-gnu-toolchain/bin/../lib/gcc/arm-none-eabi/6.2.1/../../../../arm-none-eabi/lib/thumb/v7e-m/crt0.o (exit)
c:/astudio/7.0/toolchain/arm/arm-gnu-toolchain/bin/../lib/gcc/arm-none-eabi/6.2.1/../../../../arm-none-eabi/lib/thumb/v7e-m\libc.a(lib_a-impure.o)
                              c:/astudio/7.0/toolchain/arm/arm-gnu-toolchain/bin/../lib/gcc/arm-none-eabi/6.2.1/../../../../arm-none-eabi/lib/thumb/v7e-m\libc.a(lib_a-exit.o) (_global_impure_ptr)
c:/astudio/7.0/toolchain/arm/arm-gnu-toolchain/bin/../lib/gcc/arm-none-eabi/6.2.1/../../../../arm-none-eabi/lib/thumb/v7e-m\libc.a(lib_a-init.o)
                              c:/astudio/7.0/toolchain/arm/arm-gnu-toolchain/bin/../lib/gcc/arm-none-eabi/6.2.1/../../../../arm-none-eabi/lib/thumb/v7e-m/crt0.o (__libc_init_array)
c:/astudio/7.0/toolchain/arm/arm-gnu-toolchain/bin/../lib/gcc/arm-none-eabi/6.2.1/../../../../arm-none-eabi/lib/thumb/v7e-m\libc.a(lib_a-memcpy.o)
                              src/ASF/sam/services/flash_efc/flash_efc.o (memcpy)
c:/astudio/7.0/toolchain/arm/arm-gnu-toolchain/bin/../lib/gcc/arm-none-eabi/6.2.1/../../../../arm-none-eabi/lib/thumb/v7e-m\libc.a(lib_a-memset.o)
                              c:/astudio/7.0/toolchain/arm/arm-gnu-toolchain/bin/../lib/gcc/arm-none-eabi/6.2.1/../../../../arm-none-eabi/lib/thumb/v7e-m/crt0.o (memset)
c:/astudio/7.0/toolchain/arm/arm-gnu-toolchain/bin/../lib/gcc/arm-none-eabi/6.2.1/../../../../arm-none-eabi/lib/thumb/v7e-m\libc.a(lib_a-__call_atexit.o)
                              c:/astudio/7.0/toolchain/arm/arm-gnu-toolchain/bin/../lib/gcc/arm-none-eabi/6.2.1/../../../../arm-none-eabi/lib/thumb/v7e-m\libc.a(lib_a-exit.o) (__call_exitprocs)
c:/astudio/7.0/toolchain/arm/arm-gnu-toolchain/bin/../lib/gcc/arm-none-eabi/6.2.1/../../../../arm-none-eabi/lib/thumb/v7e-m\libc.a(lib_a-atexit.o)
                              c:/astudio/7.0/toolchain/arm/arm-gnu-toolchain/bin/../lib/gcc/arm-none-eabi/6.2.1/../../../../arm-none-eabi/lib/thumb/v7e-m\libc.a(lib_a-__call_atexit.o) (atexit)
c:/astudio/7.0/toolchain/arm/arm-gnu-toolchain/bin/../lib/gcc/arm-none-eabi/6.2.1/../../../../arm-none-eabi/lib/thumb/v7e-m\libc.a(lib_a-fini.o)
                              c:/astudio/7.0/toolchain/arm/arm-gnu-toolchain/bin/../lib/gcc/arm-none-eabi/6.2.1/../../../../arm-none-eabi/lib/thumb/v7e-m\libc.a(lib_a-__call_atexit.o) (__libc_fini_array)
c:/astudio/7.0/toolchain/arm/arm-gnu-toolchain/bin/../lib/gcc/arm-none-eabi/6.2.1/../../../../arm-none-eabi/lib/thumb/v7e-m\libc.a(lib_a-__atexit.o)
                              c:/astudio/7.0/toolchain/arm/arm-gnu-toolchain/bin/../lib/gcc/arm-none-eabi/6.2.1/../../../../arm-none-eabi/lib/thumb/v7e-m\libc.a(lib_a-atexit.o) (__register_exitproc)

Allocating common symbols
Common symbol       size              file

j                   0x1               src/sam_ba_monitor.o
length              0x4               src/sam_ba_monitor.o
ptr                 0x4               src/sam_ba_monitor.o
command             0x1               src/sam_ba_monitor.o
i                   0x4               src/sam_ba_monitor.o
udd_g_ctrlreq       0x18              src/ASF/sam/drivers/udp/udp_device.o
data                0x40              src/sam_ba_monitor.o
ptr_data            0x4               src/sam_ba_monitor.o
ptr_monitor_if      0x4               src/sam_ba_monitor.o
sp                  0x4               src/sam_ba_monitor.o
current_number      0x4               src/sam_ba_monitor.o
u32tmp              0x4               src/sam_ba_monitor.o

Discarded input sections

 .text          0x00000000        0x0 c:/astudio/7.0/toolchain/arm/arm-gnu-toolchain/bin/../lib/gcc/arm-none-eabi/6.2.1/thumb/v7e-m/crti.o
 .data          0x00000000        0x0 c:/astudio/7.0/toolchain/arm/arm-gnu-toolchain/bin/../lib/gcc/arm-none-eabi/6.2.1/thumb/v7e-m/crti.o
 .bss           0x00000000        0x0 c:/astudio/7.0/toolchain/arm/arm-gnu-toolchain/bin/../lib/gcc/arm-none-eabi/6.2.1/thumb/v7e-m/crti.o
 .data          0x00000000        0x4 c:/astudio/7.0/toolchain/arm/arm-gnu-toolchain/bin/../lib/gcc/arm-none-eabi/6.2.1/thumb/v7e-m/crtbegin.o
 .text          0x00000000       0x74 c:/astudio/7.0/toolchain/arm/arm-gnu-toolchain/bin/../lib/gcc/arm-none-eabi/6.2.1/../../../../arm-none-eabi/lib/thumb/v7e-m/crt0.o
 .data          0x00000000        0x0 c:/astudio/7.0/toolchain/arm/arm-gnu-toolchain/bin/../lib/gcc/arm-none-eabi/6.2.1/../../../../arm-none-eabi/lib/thumb/v7e-m/crt0.o
 .bss           0x00000000        0x0 c:/astudio/7.0/toolchain/arm/arm-gnu-toolchain/bin/../lib/gcc/arm-none-eabi/6.2.1/../../../../arm-none-eabi/lib/thumb/v7e-m/crt0.o
[...]
Memory Configuration

Name             Origin             Length             Attributes
rom              0x00400000         0x00080000         xr
ram              0x20000000         0x00028000         xrw
*default*        0x00000000         0xffffffff

Linker script and memory map

LOAD c:/astudio/7.0/toolchain/arm/arm-gnu-toolchain/bin/../lib/gcc/arm-none-eabi/6.2.1/thumb/v7e-m/crti.o
LOAD c:/astudio/7.0/toolchain/arm/arm-gnu-toolchain/bin/../lib/gcc/arm-none-eabi/6.2.1/thumb/v7e-m/crtbegin.o
LOAD c:/astudio/7.0/toolchain/arm/arm-gnu-toolchain/bin/../lib/gcc/arm-none-eabi/6.2.1/../../../../arm-none-eabi/lib/thumb/v7e-m/crt0.o
LOAD src/ASF/sam/services/flash_efc/flash_efc.o
LOAD src/sam_ba_monitor.o
LOAD src/ASF/common/services/usb/class/cdc/device/example/samg55j19_samg_xplained_pro/ui.o
LOAD src/ASF/common/services/clock/samg/sysclk.o
LOAD src/ASF/common/services/sleepmgr/sam/sleepmgr.o
LOAD src/ASF/common/services/usb/class/cdc/device/udi_cdc.o
LOAD src/ASF/common/services/usb/class/cdc/device/udi_cdc_desc.o
LOAD src/ASF/common/services/usb/udc/udc.o
LOAD src/ASF/common/utils/interrupt/interrupt_sam_nvic.o
LOAD src/ASF/sam/boards/samg55_xplained_pro/board_init.o
LOAD src/ASF/sam/drivers/efc/efc.o
LOAD src/ASF/sam/drivers/flexcom/flexcom.o
LOAD src/ASF/sam/drivers/matrix/matrix.o
LOAD src/ASF/sam/drivers/pio/pio.o
LOAD src/ASF/sam/drivers/pio/pio_handler.o
LOAD src/ASF/sam/drivers/pmc/pmc.o
LOAD src/ASF/sam/drivers/pmc/sleep.o
LOAD src/ASF/sam/drivers/supc/supc.o
LOAD src/ASF/sam/drivers/udp/udp_device.o
LOAD src/ASF/sam/drivers/usart/usart.o
LOAD src/ASF/sam/utils/cmsis/samg/samg55/source/templates/gcc/startup_samg55.o
LOAD src/ASF/sam/utils/cmsis/samg/samg55/source/templates/system_samg55.o
LOAD src/ASF/sam/utils/syscalls/gcc/syscalls.o
LOAD src/main.o
LOAD src/uart_sam.o
START GROUP
LOAD ../src/ASF/thirdparty/CMSIS/Lib/GCC\libarm_cortexM4lf_math_softfp.a
LOAD c:/astudio/7.0/toolchain/arm/arm-gnu-toolchain/bin/../lib/gcc/arm-none-eabi/6.2.1/../../../../arm-none-eabi/lib/thumb/v7e-m\libm.a
END GROUP
START GROUP
LOAD c:/astudio/7.0/toolchain/arm/arm-gnu-toolchain/bin/../lib/gcc/arm-none-eabi/6.2.1/thumb/v7e-m\libgcc.a
LOAD c:/astudio/7.0/toolchain/arm/arm-gnu-toolchain/bin/../lib/gcc/arm-none-eabi/6.2.1/../../../../arm-none-eabi/lib/thumb/v7e-m\libc.a
END GROUP
LOAD c:/astudio/7.0/toolchain/arm/arm-gnu-toolchain/bin/../lib/gcc/arm-none-eabi/6.2.1/thumb/v7e-m/crtend.o
LOAD c:/astudio/7.0/toolchain/arm/arm-gnu-toolchain/bin/../lib/gcc/arm-none-eabi/6.2.1/thumb/v7e-m/crtn.o
                0x00003000                __stack_size__ = DEFINED (__stack_size__)?__stack_size__:0x3000
                0x20027ffc                __ram_end__ = ((ORIGIN (ram) + LENGTH (ram)) - 0x4)

.text           0x00400000     0x3200
                0x00400000                . = ALIGN (0x4)
                0x00400000                _sfixed = .
 *(.vectors .vectors.*)
 .vectors       0x00400000      0x148 src/ASF/sam/utils/cmsis/samg/samg55/source/templates/gcc/startup_samg55.o
                0x00400000                exception_table
 *(.text .text.* .gnu.linkonce.t.*)
 .text          0x00400148       0x6c c:/astudio/7.0/toolchain/arm/arm-gnu-toolchain/bin/../lib/gcc/arm-none-eabi/6.2.1/thumb/v7e-m/crtbegin.o
 .text.flash_init
                0x004001b4       0x18 src/ASF/sam/services/flash_efc/flash_efc.o
                0x004001b4                flash_init
 .text.sam_ba_monitor_init
                0x004001cc       0x14 src/sam_ba_monitor.o
                0x004001cc                sam_ba_monitor_init
 .text.sam_ba_putdata_term
                0x004001e0       0x94 src/sam_ba_monitor.o
                0x004001e0                sam_ba_putdata_term
 .text.call_applet
                0x00400274       0x34 src/sam_ba_monitor.o
                0x00400274                call_applet
 .text.ui_com_rx_start
                0x004002a8        0x2 src/ASF/common/services/usb/class/cdc/device/example/samg55j19_samg_xplained_pro/ui.o
                0x004002a8                ui_com_rx_start
 .text.ui_com_rx_stop
                0x004002aa        0x2 src/ASF/common/services/usb/class/cdc/device/example/samg55j19_samg_xplained_pro/ui.o
                0x004002aa                ui_com_rx_stop
 .text.ui_com_tx_start
                0x004002ac        0x2 src/ASF/common/services/usb/class/cdc/device/example/samg55j19_samg_xplained_pro/ui.o
                0x004002ac                ui_com_tx_start
 .text.ui_com_tx_stop
                0x004002ae        0x2 src/ASF/common/services/usb/class/cdc/device/example/samg55j19_samg_xplained_pro/ui.o
                0x004002ae                ui_com_tx_stop
 .text.ui_com_error
                0x004002b0        0x2 src/ASF/common/services/usb/class/cdc/device/example/samg55j19_samg_xplained_pro/ui.o
                0x004002b0                ui_com_error
 .text.ui_com_overflow
                0x004002b2        0x2 src/ASF/common/services/usb/class/cdc/device/example/samg55j19_samg_xplained_pro/ui.o
                0x004002b2                ui_com_overflow
 .text.sysclk_enable_usb
                0x004002b4       0x50 src/ASF/common/services/clock/samg/sysclk.o
                0x004002b4                sysclk_enable_usb
 .text.udi_cdc_comm_disable
                0x00400304       0x10 src/ASF/common/services/usb/class/cdc/device/udi_cdc.o
                0x00400304                udi_cdc_comm_disable
 .text.udi_cdc_data_disable
                0x00400314       0x1c src/ASF/common/services/usb/class/cdc/device/udi_cdc.o
                0x00400314                udi_cdc_data_disable
 .text.udi_cdc_data_setup
                0x00400330        0x4 src/ASF/common/services/usb/class/cdc/device/udi_cdc.o
                0x00400330                udi_cdc_data_setup
 .text.udi_cdc_getsetting
                0x00400334        0x4 src/ASF/common/services/usb/class/cdc/device/udi_cdc.o
                0x00400334                udi_cdc_getsetting
 .text.udi_cdc_comm_setup
                0x00400338       0x84 src/ASF/common/services/usb/class/cdc/device/udi_cdc.o
                0x00400338                udi_cdc_comm_setup
 .text.udi_cdc_line_coding_received
                0x004003bc        0x2 src/ASF/common/services/usb/class/cdc/device/udi_cdc.o
 *fill*         0x004003be        0x2 
 .text.udi_cdc_comm_enable
                0x004003c0       0x5c src/ASF/common/services/usb/class/cdc/device/udi_cdc.o
                0x004003c0                udi_cdc_comm_enable
 .text.udi_cdc_tx_send
                0x0040041c      0x148 src/ASF/common/services/usb/class/cdc/device/udi_cdc.o
 .text.udi_cdc_data_sent
                0x00400564       0x38 src/ASF/common/services/usb/class/cdc/device/udi_cdc.o
 .text.udi_cdc_data_sof_notify
                0x0040059c       0x10 src/ASF/common/services/usb/class/cdc/device/udi_cdc.o
                0x0040059c                udi_cdc_data_sof_notify
 .text.udi_cdc_ctrl_state_notify
                0x004005ac       0x4c src/ASF/common/services/usb/class/cdc/device/udi_cdc.o
 .text.udi_cdc_ctrl_state_change
                0x004005f8       0x60 src/ASF/common/services/usb/class/cdc/device/udi_cdc.o
 .text.udi_cdc_serial_state_msg_sent
                0x00400658       0x38 src/ASF/common/services/usb/class/cdc/device/udi_cdc.o
 .text.udi_cdc_signal_framing_error
                0x00400690       0x14 src/ASF/common/services/usb/class/cdc/device/udi_cdc.o
                0x00400690                udi_cdc_signal_framing_error
 .text.udi_cdc_signal_overrun
                0x004006a4       0x14 src/ASF/common/services/usb/class/cdc/device/udi_cdc.o
                0x004006a4                udi_cdc_signal_overrun
 .text.udi_cdc_multi_get_nb_received_data
                0x004006b8       0x54 src/ASF/common/services/usb/class/cdc/device/udi_cdc.o
                0x004006b8                udi_cdc_multi_get_nb_received_data
 .text.udi_cdc_multi_is_rx_ready
                0x0040070c       0x14 src/ASF/common/services/usb/class/cdc/device/udi_cdc.o
                0x0040070c                udi_cdc_multi_is_rx_ready
 .text.udi_cdc_rx_start
                0x00400720       0xb8 src/ASF/common/services/usb/class/cdc/device/udi_cdc.o
 .text.udi_cdc_data_enable
                0x004007d8       0x94 src/ASF/common/services/usb/class/cdc/device/udi_cdc.o
                0x004007d8                udi_cdc_data_enable
 .text.udi_cdc_data_received
                0x0040086c       0x5c src/ASF/common/services/usb/class/cdc/device/udi_cdc.o
 .text.udi_cdc_is_rx_ready
                0x004008c8       0x10 src/ASF/common/services/usb/class/cdc/device/udi_cdc.o
                0x004008c8                udi_cdc_is_rx_ready
 .text.udi_cdc_multi_getc
                0x004008d8       0xbc src/ASF/common/services/usb/class/cdc/device/udi_cdc.o
                0x004008d8                udi_cdc_multi_getc
 .text.udi_cdc_getc
                0x00400994       0x10 src/ASF/common/services/usb/class/cdc/device/udi_cdc.o
                0x00400994                udi_cdc_getc
 .text.udi_cdc_multi_read_buf
                0x004009a4       0xbc src/ASF/common/services/usb/class/cdc/device/udi_cdc.o
                0x004009a4                udi_cdc_multi_read_buf
 .text.udi_cdc_read_no_polling
                0x00400a60       0xc8 src/ASF/common/services/usb/class/cdc/device/udi_cdc.o
                0x00400a60                udi_cdc_read_no_polling
 .text.udi_cdc_read_buf
                0x00400b28       0x14 src/ASF/common/services/usb/class/cdc/device/udi_cdc.o
                0x00400b28                udi_cdc_read_buf
 .text.udi_cdc_multi_get_free_tx_buffer
                0x00400b3c       0x7c src/ASF/common/services/usb/class/cdc/device/udi_cdc.o
                0x00400b3c                udi_cdc_multi_get_free_tx_buffer
 .text.udi_cdc_multi_is_tx_ready
                0x00400bb8       0x14 src/ASF/common/services/usb/class/cdc/device/udi_cdc.o
                0x00400bb8                udi_cdc_multi_is_tx_ready
 .text.udi_cdc_is_tx_ready
                0x00400bcc       0x10 src/ASF/common/services/usb/class/cdc/device/udi_cdc.o
                0x00400bcc                udi_cdc_is_tx_ready
 .text.udi_cdc_multi_putc
                0x00400bdc       0x9c src/ASF/common/services/usb/class/cdc/device/udi_cdc.o
                0x00400bdc                udi_cdc_multi_putc
 .text.udi_cdc_putc
                0x00400c78       0x10 src/ASF/common/services/usb/class/cdc/device/udi_cdc.o
                0x00400c78                udi_cdc_putc
 .text.udi_cdc_multi_write_buf
                0x00400c88       0xb4 src/ASF/common/services/usb/class/cdc/device/udi_cdc.o
                0x00400c88                udi_cdc_multi_write_buf
 .text.udi_cdc_write_buf
                0x00400d3c       0x14 src/ASF/common/services/usb/class/cdc/device/udi_cdc.o
                0x00400d3c                udi_cdc_write_buf
 .text.udc_next_desc_in_iface
                0x00400d50       0x48 src/ASF/common/services/usb/udc/udc.o
 .text.udc_valid_address
                0x00400d98       0x18 src/ASF/common/services/usb/udc/udc.o
 .text.udc_update_iface_desc
                0x00400db0       0x74 src/ASF/common/services/usb/udc/udc.o
 .text.udc_iface_disable
                0x00400e24       0x6c src/ASF/common/services/usb/udc/udc.o
 .text.udc_iface_enable
                0x00400e90       0x5c src/ASF/common/services/usb/udc/udc.o
 .text.udc_start
                0x00400eec        0xc src/ASF/common/services/usb/udc/udc.o
                0x00400eec                udc_start
 .text.udc_reset
                0x00400ef8       0x48 src/ASF/common/services/usb/udc/udc.o
                0x00400ef8                udc_reset
 .text.udc_sof_notify
                0x00400f40       0x40 src/ASF/common/services/usb/udc/udc.o
                0x00400f40                udc_sof_notify
 .text.udc_process_setup
                0x00400f80      0x454 src/ASF/common/services/usb/udc/udc.o
                0x00400f80                udc_process_setup
 .text.efc_init
                0x004013d4       0x1c src/ASF/sam/drivers/efc/efc.o
                0x004013d4                efc_init
 .text.matrix_set_usb_device
                0x004013f0       0x20 src/ASF/sam/drivers/matrix/matrix.o
                0x004013f0                matrix_set_usb_device
 .text.pio_get_interrupt_status
                0x00401410        0x4 src/ASF/sam/drivers/pio/pio.o
                0x00401410                pio_get_interrupt_status
 .text.pio_get_interrupt_mask
                0x00401414        0x4 src/ASF/sam/drivers/pio/pio.o
                0x00401414                pio_get_interrupt_mask
 .text.pio_handler_process
                0x00401418       0x50 src/ASF/sam/drivers/pio/pio_handler.o
                0x00401418                pio_handler_process
 .text.PIOA_Handler
                0x00401468       0x14 src/ASF/sam/drivers/pio/pio_handler.o
                0x00401468                PIOA_Handler
 .text.PIOB_Handler
                0x0040147c       0x14 src/ASF/sam/drivers/pio/pio_handler.o
                0x0040147c                PIOB_Handler
 .text.pmc_switch_sclk_to_32kxtal
                0x00401490       0x24 src/ASF/sam/drivers/pmc/pmc.o
                0x00401490                pmc_switch_sclk_to_32kxtal
 .text.pmc_osc_is_ready_32kxtal
                0x004014b4       0x20 src/ASF/sam/drivers/pmc/pmc.o
                0x004014b4                pmc_osc_is_ready_32kxtal
 .text.pmc_disable_pllbck
                0x004014d4        0xc src/ASF/sam/drivers/pmc/pmc.o
                0x004014d4                pmc_disable_pllbck
 .text.pmc_is_locked_pllbck
                0x004014e0       0x10 src/ASF/sam/drivers/pmc/pmc.o
                0x004014e0                pmc_is_locked_pllbck
 .text.pmc_enable_periph_clk
                0x004014f0       0x54 src/ASF/sam/drivers/pmc/pmc.o
                0x004014f0                pmc_enable_periph_clk
 .text.pmc_disable_periph_clk
                0x00401544       0x54 src/ASF/sam/drivers/pmc/pmc.o
                0x00401544                pmc_disable_periph_clk
 .text.pmc_switch_udpck_to_pllbck
                0x00401598       0x14 src/ASF/sam/drivers/pmc/pmc.o
                0x00401598                pmc_switch_udpck_to_pllbck
 .text.pmc_enable_udpck
                0x004015ac        0xc src/ASF/sam/drivers/pmc/pmc.o
                0x004015ac                pmc_enable_udpck
 .text.pmc_set_fast_startup_input
                0x004015b8       0x14 src/ASF/sam/drivers/pmc/pmc.o
                0x004015b8                pmc_set_fast_startup_input
 .text.pmc_is_wakeup_clocks_restored
                0x004015cc       0x10 src/ASF/sam/drivers/pmc/sleep.o
                0x004015cc                pmc_is_wakeup_clocks_restored
 .text.udd_ctrl_init
                0x004015dc       0x18 src/ASF/sam/drivers/udp/udp_device.o
 .text.udd_ctrl_stall_data
                0x004015f4       0x38 src/ASF/sam/drivers/udp/udp_device.o
 .text.udd_ctrl_send_zlp_in
                0x0040162c       0x38 src/ASF/sam/drivers/udp/udp_device.o
 .text.udd_ctrl_endofrequest
                0x00401664       0x10 src/ASF/sam/drivers/udp/udp_device.o
 .text.udd_ctrl_in_sent
                0x00401674      0x1b8 src/ASF/sam/drivers/udp/udp_device.o
 .text.udd_ep_finish_job
                0x0040182c       0x40 src/ASF/sam/drivers/udp/udp_device.o
 .text.udd_ep_ack_out_received
                0x0040186c       0xd4 src/ASF/sam/drivers/udp/udp_device.o
 .text.udd_ep_in_sent
                0x00401940      0x1b4 src/ASF/sam/drivers/udp/udp_device.o
 .text.UDP_Handler
                0x00401af4      0x920 src/ASF/sam/drivers/udp/udp_device.o
                0x00401af4                UDP_Handler
 .text.udd_attach
                0x00402414       0x7c src/ASF/sam/drivers/udp/udp_device.o
                0x00402414                udd_attach
 .text.udd_enable
                0x00402490       0xa8 src/ASF/sam/drivers/udp/udp_device.o
                0x00402490                udd_enable
 .text.udd_is_high_speed
                0x00402538        0x4 src/ASF/sam/drivers/udp/udp_device.o
                0x00402538                udd_is_high_speed
 .text.udd_set_address
                0x0040253c       0x3c src/ASF/sam/drivers/udp/udp_device.o
                0x0040253c                udd_set_address
 .text.udd_getaddress
                0x00402578       0x1c src/ASF/sam/drivers/udp/udp_device.o
                0x00402578                udd_getaddress
 .text.udd_get_frame_number
                0x00402594       0x10 src/ASF/sam/drivers/udp/udp_device.o
                0x00402594                udd_get_frame_number
 .text.udd_get_micro_frame_number
                0x004025a4        0x4 src/ASF/sam/drivers/udp/udp_device.o
                0x004025a4                udd_get_micro_frame_number
 .text.udd_set_setup_payload
                0x004025a8        0xc src/ASF/sam/drivers/udp/udp_device.o
                0x004025a8                udd_set_setup_payload
 .text.udd_ep_alloc
                0x004025b4       0xf8 src/ASF/sam/drivers/udp/udp_device.o
                0x004025b4                udd_ep_alloc
 .text.udd_ep_free
                0x004026ac       0x58 src/ASF/sam/drivers/udp/udp_device.o
                0x004026ac                udd_ep_free
 .text.udd_ep_is_halted
                0x00402704       0x40 src/ASF/sam/drivers/udp/udp_device.o
                0x00402704                udd_ep_is_halted
 .text.udd_ep_set_halt
                0x00402744       0xe4 src/ASF/sam/drivers/udp/udp_device.o
                0x00402744                udd_ep_set_halt
 .text.udd_ep_clear_halt
                0x00402828       0xd8 src/ASF/sam/drivers/udp/udp_device.o
                0x00402828                udd_ep_clear_halt
 .text.udd_ep_run
                0x00402900      0x17c src/ASF/sam/drivers/udp/udp_device.o
                0x00402900                udd_ep_run
 .text.udd_ep_abort
                0x00402a7c      0x164 src/ASF/sam/drivers/udp/udp_device.o
                0x00402a7c                udd_ep_abort
 .text.usart_disable_tx
                0x00402be0        0x6 src/ASF/sam/drivers/usart/usart.o
                0x00402be0                usart_disable_tx
 .text.usart_enable_rx
                0x00402be6        0x6 src/ASF/sam/drivers/usart/usart.o
                0x00402be6                usart_enable_rx
 .text.usart_reset_rx
                0x00402bec        0x6 src/ASF/sam/drivers/usart/usart.o
                0x00402bec                usart_reset_rx
 .text.usart_disable_interrupt
                0x00402bf2        0x4 src/ASF/sam/drivers/usart/usart.o
                0x00402bf2                usart_disable_interrupt
 .text.usart_get_status
                0x00402bf6        0x4 src/ASF/sam/drivers/usart/usart.o
                0x00402bf6                usart_get_status
 .text.usart_write
                0x00402bfa       0x14 src/ASF/sam/drivers/usart/usart.o
                0x00402bfa                usart_write
 .text.usart_read
                0x00402c0e       0x18 src/ASF/sam/drivers/usart/usart.o
                0x00402c0e                usart_read
 .text.Dummy_Handler
                0x00402c26        0x2 src/ASF/sam/utils/cmsis/samg/samg55/source/templates/gcc/startup_samg55.o
                0x00402c26                FLEXCOM1_Handler
                0x00402c26                DebugMon_Handler
                0x00402c26                HardFault_Handler
                0x00402c26                TC2_Handler
                0x00402c26                FLEXCOM4_Handler
                0x00402c26                PendSV_Handler
                0x00402c26                NMI_Handler
                0x00402c26                ADC_Handler
                0x00402c26                CRCCU_Handler
                0x00402c26                RTT_Handler
                0x00402c26                FLEXCOM6_Handler
                0x00402c26                RTC_Handler
                0x00402c26                UsageFault_Handler
                0x00402c26                FLEXCOM0_Handler
                0x00402c26                PDMIC1_Handler
                0x00402c26                WDT_Handler
                0x00402c26                TC4_Handler
                0x00402c26                TC1_Handler
                0x00402c26                TC3_Handler
                0x00402c26                ARM_Handler
                0x00402c26                Dummy_Handler
                0x00402c26                MEM2MEM_Handler
                0x00402c26                PMC_Handler
                0x00402c26                PDMIC0_Handler
                0x00402c26                MemManage_Handler
                0x00402c26                SUPC_Handler
                0x00402c26                SVC_Handler
                0x00402c26                UHP_Handler
                0x00402c26                EFC_Handler
                0x00402c26                I2SC0_Handler
                0x00402c26                I2SC1_Handler
                0x00402c26                FLEXCOM2_Handler
                0x00402c26                FLEXCOM3_Handler
                0x00402c26                BusFault_Handler
                0x00402c26                RSTC_Handler
                0x00402c26                TC0_Handler
                0x00402c26                FLEXCOM5_Handler
                0x00402c26                TC5_Handler
 .text.Reset_Handler
                0x00402c28       0xdc src/ASF/sam/utils/cmsis/samg/samg55/source/templates/gcc/startup_samg55.o
                0x00402c28                Reset_Handler
 .text.SysTick_Handler
                0x00402d04       0x10 src/main.o
                0x00402d04                SysTick_Handler
 .text.main     0x00402d14      0x104 src/main.o
                0x00402d14                main
 .text.main_suspend_action
                0x00402e18        0x2 src/main.o
                0x00402e18                main_suspend_action
 .text.main_resume_action
                0x00402e1a        0x2 src/main.o
                0x00402e1a                main_resume_action
 .text.main_sof_action
                0x00402e1c        0x2 src/main.o
                0x00402e1c                main_sof_action
 *fill*         0x00402e1e        0x2 
 .text.main_cdc_enable
                0x00402e20        0xc src/main.o
                0x00402e20                main_cdc_enable
 .text.FLEXCOM7_Handler
                0x00402e2c       0xe4 src/uart_sam.o
                0x00402e2c                FLEXCOM7_Handler
 .text.__libc_init_array
                0x00402f10       0x50 c:/astudio/7.0/toolchain/arm/arm-gnu-toolchain/bin/../lib/gcc/arm-none-eabi/6.2.1/../../../../arm-none-eabi/lib/thumb/v7e-m\libc.a(lib_a-init.o)
                0x00402f10                __libc_init_array
 .text          0x00402f60      0x134 c:/astudio/7.0/toolchain/arm/arm-gnu-toolchain/bin/../lib/gcc/arm-none-eabi/6.2.1/../../../../arm-none-eabi/lib/thumb/v7e-m\libc.a(lib_a-memcpy.o)
                0x00402f60                memcpy
 .text.startup.register_fini
                0x00403094       0x14 c:/astudio/7.0/toolchain/arm/arm-gnu-toolchain/bin/../lib/gcc/arm-none-eabi/6.2.1/../../../../arm-none-eabi/lib/thumb/v7e-m\libc.a(lib_a-__call_atexit.o)
 .text.atexit   0x004030a8        0xc c:/astudio/7.0/toolchain/arm/arm-gnu-toolchain/bin/../lib/gcc/arm-none-eabi/6.2.1/../../../../arm-none-eabi/lib/thumb/v7e-m\libc.a(lib_a-atexit.o)
                0x004030a8                atexit
 .text.__libc_fini_array
                0x004030b4       0x34 c:/astudio/7.0/toolchain/arm/arm-gnu-toolchain/bin/../lib/gcc/arm-none-eabi/6.2.1/../../../../arm-none-eabi/lib/thumb/v7e-m\libc.a(lib_a-fini.o)
                0x004030b4                __libc_fini_array
 .text.__register_exitproc
                0x004030e8       0xa4 c:/astudio/7.0/toolchain/arm/arm-gnu-toolchain/bin/../lib/gcc/arm-none-eabi/6.2.1/../../../../arm-none-eabi/lib/thumb/v7e-m\libc.a(lib_a-__atexit.o)
                0x004030e8                __register_exitproc
 *(.glue_7t)
 .glue_7t       0x0040318c        0x0 linker stubs
 *(.glue_7)
 .glue_7        0x0040318c        0x0 linker stubs
 *(.rodata .rodata* .gnu.linkonce.r.*)
 .rodata.RomBOOT_Version
                0x0040318c        0x5 src/sam_ba_monitor.o
                0x0040318c                RomBOOT_Version
 *fill*         0x00403191        0x3 
 .rodata.str1.4
                0x00403194       0x28 src/sam_ba_monitor.o
                                 0x26 (size before relaxing)
 .rodata.usbcdc_if
                0x004031bc       0x1c src/sam_ba_monitor.o
                0x004031bc                usbcdc_if
 .rodata._global_impure_ptr
                0x004031d8        0x4 c:/astudio/7.0/toolchain/arm/arm-gnu-toolchain/bin/../lib/gcc/arm-none-eabi/6.2.1/../../../../arm-none-eabi/lib/thumb/v7e-m\libc.a(lib_a-impure.o)
                0x004031d8                _global_impure_ptr
 *(.ARM.extab* .gnu.linkonce.armextab.*)
                0x004031dc                . = ALIGN (0x4)
 *(.init)
 .init          0x004031dc        0x4 c:/astudio/7.0/toolchain/arm/arm-gnu-toolchain/bin/../lib/gcc/arm-none-eabi/6.2.1/thumb/v7e-m/crti.o
                0x004031dc                _init
 .init          0x004031e0        0x8 c:/astudio/7.0/toolchain/arm/arm-gnu-toolchain/bin/../lib/gcc/arm-none-eabi/6.2.1/thumb/v7e-m/crtn.o
                0x004031e8                . = ALIGN (0x4)
                0x004031e8                __preinit_array_start = .
 *(.preinit_array)
                0x004031e8                __preinit_array_end = .
                0x004031e8                . = ALIGN (0x4)
                0x004031e8                __init_array_start = .
 *(SORT(.init_array.*))
 .init_array.00000
                0x004031e8        0x4 c:/astudio/7.0/toolchain/arm/arm-gnu-toolchain/bin/../lib/gcc/arm-none-eabi/6.2.1/../../../../arm-none-eabi/lib/thumb/v7e-m\libc.a(lib_a-__call_atexit.o)
 *(.init_array)
 .init_array    0x004031ec        0x4 c:/astudio/7.0/toolchain/arm/arm-gnu-toolchain/bin/../lib/gcc/arm-none-eabi/6.2.1/thumb/v7e-m/crtbegin.o
                0x004031f0                __init_array_end = .
                0x004031f0                . = ALIGN (0x4)
 *crtbegin.o(.ctors)
 *(EXCLUDE_FILE(*crtend.o) .ctors)
 *(SORT(.ctors.*))
 *crtend.o(.ctors)
                0x004031f0                . = ALIGN (0x4)
 *(.fini)
 .fini          0x004031f0        0x4 c:/astudio/7.0/toolchain/arm/arm-gnu-toolchain/bin/../lib/gcc/arm-none-eabi/6.2.1/thumb/v7e-m/crti.o
                0x004031f0                _fini
 .fini          0x004031f4        0x8 c:/astudio/7.0/toolchain/arm/arm-gnu-toolchain/bin/../lib/gcc/arm-none-eabi/6.2.1/thumb/v7e-m/crtn.o
                0x004031fc                . = ALIGN (0x4)
                0x004031fc                __fini_array_start = .
 *(.fini_array)
 .fini_array    0x004031fc        0x4 c:/astudio/7.0/toolchain/arm/arm-gnu-toolchain/bin/../lib/gcc/arm-none-eabi/6.2.1/thumb/v7e-m/crtbegin.o
 *(SORT(.fini_array.*))
                0x00403200                __fini_array_end = .
 *crtbegin.o(.dtors)
 *(EXCLUDE_FILE(*crtend.o) .dtors)
 *(SORT(.dtors.*))
 *crtend.o(.dtors)
                0x00403200                . = ALIGN (0x4)
                0x00403200                _efixed = .
                [!provide]                PROVIDE (__exidx_start, .)

.vfp11_veneer   0x00403200        0x0
 .vfp11_veneer  0x00403200        0x0 linker stubs

.v4_bx          0x00403200        0x0
 .v4_bx         0x00403200        0x0 linker stubs

.iplt           0x00403200        0x0
 .iplt          0x00403200        0x0 c:/astudio/7.0/toolchain/arm/arm-gnu-toolchain/bin/../lib/gcc/arm-none-eabi/6.2.1/thumb/v7e-m/crtbegin.o

.eh_frame       0x00403200        0x0
 .eh_frame      0x00403200        0x0 c:/astudio/7.0/toolchain/arm/arm-gnu-toolchain/bin/../lib/gcc/arm-none-eabi/6.2.1/thumb/v7e-m/crtbegin.o

.rel.dyn        0x00403200        0x0
 .rel.iplt      0x00403200        0x0 c:/astudio/7.0/toolchain/arm/arm-gnu-toolchain/bin/../lib/gcc/arm-none-eabi/6.2.1/thumb/v7e-m/crtbegin.o

.jcr            0x00403200        0x0
 .jcr           0x00403200        0x0 c:/astudio/7.0/toolchain/arm/arm-gnu-toolchain/bin/../lib/gcc/arm-none-eabi/6.2.1/thumb/v7e-m/crtbegin.o

.igot.plt       0x00403200        0x0
 .igot.plt      0x00403200        0x0 c:/astudio/7.0/toolchain/arm/arm-gnu-toolchain/bin/../lib/gcc/arm-none-eabi/6.2.1/thumb/v7e-m/crtbegin.o

.ARM.exidx
 *(.ARM.exidx* .gnu.linkonce.armexidx.*)
                [!provide]                PROVIDE (__exidx_end, .)
                0x00403200                . = ALIGN (0x4)
                0x00403200                _etext = .

.relocate       0x20000000      0x950 load address 0x00403200
                0x20000000                . = ALIGN (0x4)
                0x20000000                _srelocate = .
 *(.ramfunc .ramfunc.*)
 .ramfunc       0x20000000      0x3bc src/sam_ba_monitor.o
                0x20000000                sam_ba_monitor_run
 .ramfunc       0x200003bc       0x88 src/ASF/sam/drivers/efc/efc.o
                0x200003bc                efc_perform_read_sequence
                0x20000424                efc_write_fmr
                0x20000428                efc_perform_fcr
 *(.data .data.*)
 .data.udi_api_cdc_comm
                0x20000444       0x14 src/ASF/common/services/usb/class/cdc/device/udi_cdc.o
                0x20000444                udi_api_cdc_comm
 .data.udi_api_cdc_data
                0x20000458       0x14 src/ASF/common/services/usb/class/cdc/device/udi_cdc.o
                0x20000458                udi_api_cdc_data
 .data.udc_config
                0x2000046c        0xc src/ASF/common/services/usb/class/cdc/device/udi_cdc_desc.o
                0x2000046c                udc_config
 .data.udc_config_fs
                0x20000478        0x8 src/ASF/common/services/usb/class/cdc/device/udi_cdc_desc.o
                0x20000478                udc_config_fs
 .data.udc_desc_fs
                0x20000480       0x43 src/ASF/common/services/usb/class/cdc/device/udi_cdc_desc.o
                0x20000480                udc_desc_fs
 *fill*         0x200004c3        0x1 
 .data.udc_device_desc
                0x200004c4       0x12 src/ASF/common/services/usb/class/cdc/device/udi_cdc_desc.o
                0x200004c4                udc_device_desc
 *fill*         0x200004d6        0x2 
 .data.udi_apis
                0x200004d8        0x8 src/ASF/common/services/usb/class/cdc/device/udi_cdc_desc.o
                0x200004d8                udi_apis
 .data.udc_string_desc
                0x200004e0       0x20 src/ASF/common/services/usb/udc/udc.o
 .data.udc_string_desc_languageid
                0x20000500        0x4 src/ASF/common/services/usb/udc/udc.o
 .data.udc_string_manufacturer_name
                0x20000504        0xa src/ASF/common/services/usb/udc/udc.o
 *fill*         0x2000050e        0x2 
 .data.udc_string_product_name
                0x20000510       0x10 src/ASF/common/services/usb/udc/udc.o
 .data.g_interrupt_enabled
                0x20000520        0x1 src/ASF/common/utils/interrupt/interrupt_sam_nvic.o
                0x20000520                g_interrupt_enabled
 *fill*         0x20000521        0x3 
 .data.SystemCoreClock
                0x20000524        0x4 src/ASF/sam/utils/cmsis/samg/samg55/source/templates/system_samg55.o
                0x20000524                SystemCoreClock
 .data.impure_data
                0x20000528      0x428 c:/astudio/7.0/toolchain/arm/arm-gnu-toolchain/bin/../lib/gcc/arm-none-eabi/6.2.1/../../../../arm-none-eabi/lib/thumb/v7e-m\libc.a(lib_a-impure.o)
                0x20000950                . = ALIGN (0x4)
                0x20000950                _erelocate = .

.bss            0x20000950      0x2bc load address 0x00403b50
                0x20000950                . = ALIGN (0x4)
                0x20000950                _sbss = .
                0x20000950                _szero = .
 *(.bss .bss.*)
 .bss           0x20000950       0x1c c:/astudio/7.0/toolchain/arm/arm-gnu-toolchain/bin/../lib/gcc/arm-none-eabi/6.2.1/thumb/v7e-m/crtbegin.o
 .bss.b_terminal_mode
                0x2000096c        0x1 src/sam_ba_monitor.o
                0x2000096c                b_terminal_mode
 *fill*         0x2000096d        0x1 
 .bss.sof_zlp_counter.9153
                0x2000096e        0x2 src/ASF/common/services/usb/class/cdc/device/udi_cdc.o
 .bss.udi_cdc_data_running
                0x20000970        0x1 src/ASF/common/services/usb/class/cdc/device/udi_cdc.o
 *fill*         0x20000971        0x3 
 .bss.udi_cdc_line_coding
                0x20000974        0x7 src/ASF/common/services/usb/class/cdc/device/udi_cdc.o
 .bss.udi_cdc_nb_comm_enabled
                0x2000097b        0x1 src/ASF/common/services/usb/class/cdc/device/udi_cdc.o
 .bss.udi_cdc_nb_data_enabled
                0x2000097c        0x1 src/ASF/common/services/usb/class/cdc/device/udi_cdc.o
 *fill*         0x2000097d        0x3 
 .bss.udi_cdc_rx_buf
                0x20000980       0x80 src/ASF/common/services/usb/class/cdc/device/udi_cdc.o
 .bss.udi_cdc_rx_buf_nb
                0x20000a00        0x4 src/ASF/common/services/usb/class/cdc/device/udi_cdc.o
 .bss.udi_cdc_rx_buf_sel
                0x20000a04        0x1 src/ASF/common/services/usb/class/cdc/device/udi_cdc.o
 *fill*         0x20000a05        0x3 
 .bss.udi_cdc_rx_pos
                0x20000a08        0x2 src/ASF/common/services/usb/class/cdc/device/udi_cdc.o
 *fill*         0x20000a0a        0x2 
 .bss.udi_cdc_rx_trans_ongoing
                0x20000a0c        0x1 src/ASF/common/services/usb/class/cdc/device/udi_cdc.o
 *fill*         0x20000a0d        0x3 
 .bss.udi_cdc_serial_state_msg_ongoing
                0x20000a10        0x1 src/ASF/common/services/usb/class/cdc/device/udi_cdc.o
 *fill*         0x20000a11        0x3 
 .bss.udi_cdc_state
                0x20000a14        0x2 src/ASF/common/services/usb/class/cdc/device/udi_cdc.o
 *fill*         0x20000a16        0x2 
 .bss.udi_cdc_tx_both_buf_to_send
                0x20000a18        0x1 src/ASF/common/services/usb/class/cdc/device/udi_cdc.o
 *fill*         0x20000a19        0x3 
 .bss.udi_cdc_tx_buf
                0x20000a1c       0x80 src/ASF/common/services/usb/class/cdc/device/udi_cdc.o
 .bss.udi_cdc_tx_buf_nb
                0x20000a9c        0x4 src/ASF/common/services/usb/class/cdc/device/udi_cdc.o
 .bss.udi_cdc_tx_buf_sel
                0x20000aa0        0x1 src/ASF/common/services/usb/class/cdc/device/udi_cdc.o
 *fill*         0x20000aa1        0x3 
 .bss.udi_cdc_tx_sof_num
                0x20000aa4        0x2 src/ASF/common/services/usb/class/cdc/device/udi_cdc.o
 *fill*         0x20000aa6        0x2 
 .bss.udi_cdc_tx_trans_ongoing
                0x20000aa8        0x1 src/ASF/common/services/usb/class/cdc/device/udi_cdc.o
 *fill*         0x20000aa9        0x3 
 .bss.uid_cdc_state_msg
                0x20000aac        0xa src/ASF/common/services/usb/class/cdc/device/udi_cdc.o
 .bss.udc_device_status
                0x20000ab6        0x2 src/ASF/common/services/usb/udc/udc.o
 .bss.udc_ep_status.8800
                0x20000ab8        0x2 src/ASF/common/services/usb/udc/udc.o
 *fill*         0x20000aba        0x2 
 .bss.udc_iface_setting
                0x20000abc        0x1 src/ASF/common/services/usb/udc/udc.o
 *fill*         0x20000abd        0x3 
 .bss.udc_num_configuration
                0x20000ac0        0x1 src/ASF/common/services/usb/udc/udc.o
 *fill*         0x20000ac1        0x3 
 .bss.udc_ptr_conf
                0x20000ac4        0x4 src/ASF/common/services/usb/udc/udc.o
 .bss.udc_ptr_iface
                0x20000ac8        0x4 src/ASF/common/services/usb/udc/udc.o
 .bss.gs_interrupt_sources
                0x20000acc       0x70 src/ASF/sam/drivers/pio/pio_handler.o
 .bss.b_is_sleep_clock_used
                0x20000b3c        0x1 src/ASF/sam/drivers/pmc/sleep.o
 .bss.b_shortpacket.9886
                0x20000b3d        0x1 src/ASF/sam/drivers/udp/udp_device.o
 .bss.udd_b_idle
                0x20000b3e        0x1 src/ASF/sam/drivers/udp/udp_device.o
 *fill*         0x20000b3f        0x1 
 .bss.udd_ctrl_payload_nb_trans
                0x20000b40        0x2 src/ASF/sam/drivers/udp/udp_device.o
 .bss.udd_ctrl_prev_payload_nb_trans
                0x20000b42        0x2 src/ASF/sam/drivers/udp/udp_device.o
 .bss.udd_ep_control_state
                0x20000b44        0x1 src/ASF/sam/drivers/udp/udp_device.o
 *fill*         0x20000b45        0x3 
 .bss.udd_ep_job
                0x20000b48       0x3c src/ASF/sam/drivers/udp/udp_device.o
 .bss.g_ul_ms_ticks
                0x20000b84        0x4 src/main.o
                0x20000b84                g_ul_ms_ticks
 .bss.main_b_cdc_enable
                0x20000b88        0x1 src/main.o
 *(COMMON)
 *fill*         0x20000b89        0x3 
 COMMON         0x20000b8c       0x68 src/sam_ba_monitor.o
                0x20000b8c                j
                0x20000b90                length
                0x20000b94                ptr
                0x20000b98                command
                0x20000b9c                i
                0x20000ba0                data
                0x20000be0                ptr_data
                0x20000be4                ptr_monitor_if
                0x20000be8                sp
                0x20000bec                current_number
                0x20000bf0                u32tmp
 COMMON         0x20000bf4       0x18 src/ASF/sam/drivers/udp/udp_device.o
                0x20000bf4                udd_g_ctrlreq
                0x20000c0c                . = ALIGN (0x4)
                0x20000c0c                _ebss = .
                0x20000c0c                _ezero = .

.stack          0x20000c0c     0x3004 load address 0x00403e0c
                0x20000c10                . = ALIGN (0x8)
 *fill*         0x20000c0c        0x4 
                0x20000c10                _sstack = .
                0x20003c10                . = (. + __stack_size__)
 *fill*         0x20000c10     0x3000 
                0x20003c10                . = ALIGN (0x8)
                0x20003c10                _estack = .
                0x20003c10                . = ALIGN (0x4)
                0x20003c10                _end = .
OUTPUT(FeynmanBootloader6.elf elf32-littlearm)

.ARM.attributes
                0x00000000       0x2e
 .ARM.attributes
                0x00000000       0x1e c:/astudio/7.0/toolchain/arm/arm-gnu-toolchain/bin/../lib/gcc/arm-none-eabi/6.2.1/thumb/v7e-m/crti.o
 .ARM.attributes
                0x0000001e       0x2e c:/astudio/7.0/toolchain/arm/arm-gnu-toolchain/bin/../lib/gcc/arm-none-eabi/6.2.1/thumb/v7e-m/crtbegin.o
 .ARM.attributes
                0x0000004c       0x37 src/ASF/sam/services/flash_efc/flash_efc.o
 .ARM.attributes
                0x00000083       0x37 src/sam_ba_monitor.o
 .ARM.attributes
                0x000000ba       0x37 src/ASF/common/services/usb/class/cdc/device/example/samg55j19_samg_xplained_pro/ui.o
 .ARM.attributes
                0x000000f1       0x37 src/ASF/common/services/clock/samg/sysclk.o
 .ARM.attributes
                0x00000128       0x37 src/ASF/common/services/usb/class/cdc/device/udi_cdc.o
 .ARM.attributes
                0x0000015f       0x37 src/ASF/common/services/usb/class/cdc/device/udi_cdc_desc.o
 .ARM.attributes
                0x00000196       0x37 src/ASF/common/services/usb/udc/udc.o
 .ARM.attributes
                0x000001cd       0x37 src/ASF/common/utils/interrupt/interrupt_sam_nvic.o
 .ARM.attributes
                0x00000204       0x37 src/ASF/sam/drivers/efc/efc.o
 .ARM.attributes
                0x0000023b       0x37 src/ASF/sam/drivers/matrix/matrix.o
 .ARM.attributes
                0x00000272       0x37 src/ASF/sam/drivers/pio/pio.o
 .ARM.attributes
                0x000002a9       0x37 src/ASF/sam/drivers/pio/pio_handler.o
 .ARM.attributes
                0x000002e0       0x37 src/ASF/sam/drivers/pmc/pmc.o
 .ARM.attributes
                0x00000317       0x37 src/ASF/sam/drivers/pmc/sleep.o
 .ARM.attributes
                0x0000034e       0x37 src/ASF/sam/drivers/udp/udp_device.o
 .ARM.attributes
                0x00000385       0x37 src/ASF/sam/drivers/usart/usart.o
 .ARM.attributes
                0x000003bc       0x37 src/ASF/sam/utils/cmsis/samg/samg55/source/templates/gcc/startup_samg55.o
 .ARM.attributes
                0x000003f3       0x37 src/ASF/sam/utils/cmsis/samg/samg55/source/templates/system_samg55.o
 .ARM.attributes
                0x0000042a       0x37 src/main.o
 .ARM.attributes
                0x00000461       0x37 src/uart_sam.o
 .ARM.attributes
                0x00000498       0x2e c:/astudio/7.0/toolchain/arm/arm-gnu-toolchain/bin/../lib/gcc/arm-none-eabi/6.2.1/../../../../arm-none-eabi/lib/thumb/v7e-m\libc.a(lib_a-impure.o)
 .ARM.attributes
                0x000004c6       0x2e c:/astudio/7.0/toolchain/arm/arm-gnu-toolchain/bin/../lib/gcc/arm-none-eabi/6.2.1/../../../../arm-none-eabi/lib/thumb/v7e-m\libc.a(lib_a-init.o)
 .ARM.attributes
                0x000004f4       0x1c c:/astudio/7.0/toolchain/arm/arm-gnu-toolchain/bin/../lib/gcc/arm-none-eabi/6.2.1/../../../../arm-none-eabi/lib/thumb/v7e-m\libc.a(lib_a-memcpy.o)
 .ARM.attributes
                0x00000510       0x2e c:/astudio/7.0/toolchain/arm/arm-gnu-toolchain/bin/../lib/gcc/arm-none-eabi/6.2.1/../../../../arm-none-eabi/lib/thumb/v7e-m\libc.a(lib_a-__call_atexit.o)
 .ARM.attributes
                0x0000053e       0x2e c:/astudio/7.0/toolchain/arm/arm-gnu-toolchain/bin/../lib/gcc/arm-none-eabi/6.2.1/../../../../arm-none-eabi/lib/thumb/v7e-m\libc.a(lib_a-atexit.o)
 .ARM.attributes
                0x0000056c       0x2e c:/astudio/7.0/toolchain/arm/arm-gnu-toolchain/bin/../lib/gcc/arm-none-eabi/6.2.1/../../../../arm-none-eabi/lib/thumb/v7e-m\libc.a(lib_a-fini.o)
 .ARM.attributes
                0x0000059a       0x2e c:/astudio/7.0/toolchain/arm/arm-gnu-toolchain/bin/../lib/gcc/arm-none-eabi/6.2.1/../../../../arm-none-eabi/lib/thumb/v7e-m\libc.a(lib_a-__atexit.o)
 .ARM.attributes
                0x000005c8       0x1e c:/astudio/7.0/toolchain/arm/arm-gnu-toolchain/bin/../lib/gcc/arm-none-eabi/6.2.1/thumb/v7e-m/crtn.o

.comment        0x00000000       0x59
 .comment       0x00000000       0x59 src/ASF/sam/services/flash_efc/flash_efc.o
                                 0x5a (size before relaxing)
 .comment       0x00000059       0x5a src/sam_ba_monitor.o
 .comment       0x00000059       0x5a src/ASF/common/services/usb/class/cdc/device/example/samg55j19_samg_xplained_pro/ui.o
 .comment       0x00000059       0x5a src/ASF/common/services/clock/samg/sysclk.o
 .comment       0x00000059       0x5a src/ASF/common/services/usb/class/cdc/device/udi_cdc.o
 .comment       0x00000059       0x5a src/ASF/common/services/usb/class/cdc/device/udi_cdc_desc.o
 .comment       0x00000059       0x5a src/ASF/common/services/usb/udc/udc.o
 .comment       0x00000059       0x5a src/ASF/common/utils/interrupt/interrupt_sam_nvic.o
 .comment       0x00000059       0x5a src/ASF/sam/drivers/efc/efc.o
 .comment       0x00000059       0x5a src/ASF/sam/drivers/matrix/matrix.o
 .comment       0x00000059       0x5a src/ASF/sam/drivers/pio/pio.o
 .comment       0x00000059       0x5a src/ASF/sam/drivers/pio/pio_handler.o
 .comment       0x00000059       0x5a src/ASF/sam/drivers/pmc/pmc.o
 .comment       0x00000059       0x5a src/ASF/sam/drivers/pmc/sleep.o
 .comment       0x00000059       0x5a src/ASF/sam/drivers/udp/udp_device.o
 .comment       0x00000059       0x5a src/ASF/sam/drivers/usart/usart.o
 .comment       0x00000059       0x5a src/ASF/sam/utils/cmsis/samg/samg55/source/templates/gcc/startup_samg55.o
 .comment       0x00000059       0x5a src/ASF/sam/utils/cmsis/samg/samg55/source/templates/system_samg55.o
 .comment       0x00000059       0x5a src/main.o
 .comment       0x00000059       0x5a src/uart_sam.o

.debug_info     0x00000000    0x1ecef
 .debug_info    0x00000000     0x1d24 src/ASF/sam/services/flash_efc/flash_efc.o
 .debug_info    0x00001d24     0x1547 src/sam_ba_monitor.o
 .debug_info    0x0000326b     0x162b src/ASF/common/services/usb/class/cdc/device/example/samg55j19_samg_xplained_pro/ui.o
 .debug_info    0x00004896     0x14c0 src/ASF/common/services/clock/samg/sysclk.o
 .debug_info    0x00005d56     0x2928 src/ASF/common/services/usb/class/cdc/device/udi_cdc.o
 .debug_info    0x0000867e     0x1240 src/ASF/common/services/usb/class/cdc/device/udi_cdc_desc.o
 .debug_info    0x000098be     0x1a69 src/ASF/common/services/usb/udc/udc.o
 .debug_info    0x0000b327      0xaf5 src/ASF/common/utils/interrupt/interrupt_sam_nvic.o
 .debug_info    0x0000be1c     0x10be src/ASF/sam/drivers/efc/efc.o
 .debug_info    0x0000ceda     0x116e src/ASF/sam/drivers/matrix/matrix.o
 .debug_info    0x0000e048     0x1dd4 src/ASF/sam/drivers/pio/pio.o
 .debug_info    0x0000fe1c     0x17c6 src/ASF/sam/drivers/pio/pio_handler.o
 .debug_info    0x000115e2     0x1c1a src/ASF/sam/drivers/pmc/pmc.o
 .debug_info    0x000131fc     0x1447 src/ASF/sam/drivers/pmc/sleep.o
 .debug_info    0x00014643     0x33a2 src/ASF/sam/drivers/udp/udp_device.o
 .debug_info    0x000179e5     0x22e3 src/ASF/sam/drivers/usart/usart.o
 .debug_info    0x00019cc8     0x1378 src/ASF/sam/utils/cmsis/samg/samg55/source/templates/gcc/startup_samg55.o
 .debug_info    0x0001b040      0x53e src/ASF/sam/utils/cmsis/samg/samg55/source/templates/system_samg55.o
 .debug_info    0x0001b57e     0x1a87 src/main.o
 .debug_info    0x0001d005     0x1cea src/uart_sam.o

.debug_abbrev   0x00000000     0x4252
 .debug_abbrev  0x00000000      0x37a src/ASF/sam/services/flash_efc/flash_efc.o
 .debug_abbrev  0x0000037a      0x3b0 src/sam_ba_monitor.o
 .debug_abbrev  0x0000072a      0x2ae src/ASF/common/services/usb/class/cdc/device/example/samg55j19_samg_xplained_pro/ui.o
 .debug_abbrev  0x000009d8      0x351 src/ASF/common/services/clock/samg/sysclk.o
 .debug_abbrev  0x00000d29      0x4a5 src/ASF/common/services/usb/class/cdc/device/udi_cdc.o
 .debug_abbrev  0x000011ce      0x1d8 src/ASF/common/services/usb/class/cdc/device/udi_cdc_desc.o
 .debug_abbrev  0x000013a6      0x40f src/ASF/common/services/usb/udc/udc.o
 .debug_abbrev  0x000017b5      0x212 src/ASF/common/utils/interrupt/interrupt_sam_nvic.o
 .debug_abbrev  0x000019c7      0x3a9 src/ASF/sam/drivers/efc/efc.o
 .debug_abbrev  0x00001d70      0x2ec src/ASF/sam/drivers/matrix/matrix.o
 .debug_abbrev  0x0000205c      0x3ee src/ASF/sam/drivers/pio/pio.o
 .debug_abbrev  0x0000244a      0x336 src/ASF/sam/drivers/pio/pio_handler.o
 .debug_abbrev  0x00002780      0x35c src/ASF/sam/drivers/pmc/pmc.o
 .debug_abbrev  0x00002adc      0x31e src/ASF/sam/drivers/pmc/sleep.o
 .debug_abbrev  0x00002dfa      0x5b9 src/ASF/sam/drivers/udp/udp_device.o
 .debug_abbrev  0x000033b3      0x406 src/ASF/sam/drivers/usart/usart.o
 .debug_abbrev  0x000037b9      0x2c6 src/ASF/sam/utils/cmsis/samg/samg55/source/templates/gcc/startup_samg55.o
 .debug_abbrev  0x00003a7f      0x102 src/ASF/sam/utils/cmsis/samg/samg55/source/templates/system_samg55.o
 .debug_abbrev  0x00003b81      0x3a1 src/main.o
 .debug_abbrev  0x00003f22      0x330 src/uart_sam.o

.debug_loc      0x00000000     0x8bc4
 .debug_loc     0x00000000     0x150a src/ASF/sam/services/flash_efc/flash_efc.o
 .debug_loc     0x0000150a      0x25b src/sam_ba_monitor.o
 .debug_loc     0x00001765       0xc8 src/ASF/common/services/usb/class/cdc/device/example/samg55j19_samg_xplained_pro/ui.o
 .debug_loc     0x0000182d      0x21a src/ASF/common/services/clock/samg/sysclk.o
 .debug_loc     0x00001a47     0x11db src/ASF/common/services/usb/class/cdc/device/udi_cdc.o
 .debug_loc     0x00002c22      0x529 src/ASF/common/services/usb/udc/udc.o
 .debug_loc     0x0000314b      0x5bf src/ASF/sam/drivers/efc/efc.o
 .debug_loc     0x0000370a      0x450 src/ASF/sam/drivers/matrix/matrix.o
 .debug_loc     0x00003b5a      0xb8a src/ASF/sam/drivers/pio/pio.o
 .debug_loc     0x000046e4      0x529 src/ASF/sam/drivers/pio/pio_handler.o
 .debug_loc     0x00004c0d      0xc7c src/ASF/sam/drivers/pmc/pmc.o
 .debug_loc     0x00005889      0x389 src/ASF/sam/drivers/pmc/sleep.o
 .debug_loc     0x00005c12     0x1ab6 src/ASF/sam/drivers/udp/udp_device.o
 .debug_loc     0x000076c8      0xff7 src/ASF/sam/drivers/usart/usart.o
 .debug_loc     0x000086bf       0x77 src/ASF/sam/utils/cmsis/samg/samg55/source/templates/gcc/startup_samg55.o
 .debug_loc     0x00008736      0x198 src/main.o
 .debug_loc     0x000088ce      0x2f6 src/uart_sam.o

.debug_aranges  0x00000000      0xd78
 .debug_aranges
                0x00000000       0xd8 src/ASF/sam/services/flash_efc/flash_efc.o
 .debug_aranges
                0x000000d8       0x38 src/sam_ba_monitor.o
 .debug_aranges
                0x00000110       0x78 src/ASF/common/services/usb/class/cdc/device/example/samg55j19_samg_xplained_pro/ui.o
 .debug_aranges
                0x00000188       0x40 src/ASF/common/services/clock/samg/sysclk.o
 .debug_aranges
                0x000001c8      0x170 src/ASF/common/services/usb/class/cdc/device/udi_cdc.o
 .debug_aranges
                0x00000338       0x18 src/ASF/common/services/usb/class/cdc/device/udi_cdc_desc.o
 .debug_aranges
                0x00000350       0x70 src/ASF/common/services/usb/udc/udc.o
 .debug_aranges
                0x000003c0       0x28 src/ASF/common/utils/interrupt/interrupt_sam_nvic.o
 .debug_aranges
                0x000003e8       0x90 src/ASF/sam/drivers/efc/efc.o
 .debug_aranges
                0x00000478       0x98 src/ASF/sam/drivers/matrix/matrix.o
 .debug_aranges
                0x00000510      0x168 src/ASF/sam/drivers/pio/pio.o
 .debug_aranges
                0x00000678       0x48 src/ASF/sam/drivers/pio/pio_handler.o
 .debug_aranges
                0x000006c0      0x240 src/ASF/sam/drivers/pmc/pmc.o
 .debug_aranges
                0x00000900       0x30 src/ASF/sam/drivers/pmc/sleep.o
 .debug_aranges
                0x00000930      0x100 src/ASF/sam/drivers/udp/udp_device.o
 .debug_aranges
                0x00000a30      0x258 src/ASF/sam/drivers/usart/usart.o
 .debug_aranges
                0x00000c88       0x28 src/ASF/sam/utils/cmsis/samg/samg55/source/templates/gcc/startup_samg55.o
 .debug_aranges
                0x00000cb0       0x30 src/ASF/sam/utils/cmsis/samg/samg55/source/templates/system_samg55.o
 .debug_aranges
                0x00000ce0       0x58 src/main.o
 .debug_aranges
                0x00000d38       0x40 src/uart_sam.o

.debug_ranges   0x00000000      0xdd0
 .debug_ranges  0x00000000       0xc8 src/ASF/sam/services/flash_efc/flash_efc.o
 .debug_ranges  0x000000c8       0x28 src/sam_ba_monitor.o
 .debug_ranges  0x000000f0       0x68 src/ASF/common/services/usb/class/cdc/device/example/samg55j19_samg_xplained_pro/ui.o
 .debug_ranges  0x00000158       0x30 src/ASF/common/services/clock/samg/sysclk.o
 .debug_ranges  0x00000188      0x1a8 src/ASF/common/services/usb/class/cdc/device/udi_cdc.o
 .debug_ranges  0x00000330       0xc8 src/ASF/common/services/usb/udc/udc.o
 .debug_ranges  0x000003f8       0x18 src/ASF/common/utils/interrupt/interrupt_sam_nvic.o
 .debug_ranges  0x00000410       0x80 src/ASF/sam/drivers/efc/efc.o
 .debug_ranges  0x00000490       0x88 src/ASF/sam/drivers/matrix/matrix.o
 .debug_ranges  0x00000518      0x170 src/ASF/sam/drivers/pio/pio.o
 .debug_ranges  0x00000688       0x50 src/ASF/sam/drivers/pio/pio_handler.o
 .debug_ranges  0x000006d8      0x230 src/ASF/sam/drivers/pmc/pmc.o
 .debug_ranges  0x00000908       0x50 src/ASF/sam/drivers/pmc/sleep.o
 .debug_ranges  0x00000958      0x150 src/ASF/sam/drivers/udp/udp_device.o
 .debug_ranges  0x00000aa8      0x248 src/ASF/sam/drivers/usart/usart.o
 .debug_ranges  0x00000cf0       0x18 src/ASF/sam/utils/cmsis/samg/samg55/source/templates/gcc/startup_samg55.o
 .debug_ranges  0x00000d08       0x20 src/ASF/sam/utils/cmsis/samg/samg55/source/templates/system_samg55.o
 .debug_ranges  0x00000d28       0x78 src/main.o
 .debug_ranges  0x00000da0       0x30 src/uart_sam.o

.debug_macro    0x00000000    0x18551
 .debug_macro   0x00000000      0x6cf src/ASF/sam/services/flash_efc/flash_efc.o
 .debug_macro   0x000006cf      0x8ce src/ASF/sam/services/flash_efc/flash_efc.o
 .debug_macro   0x00000f9d       0x22 src/ASF/sam/services/flash_efc/flash_efc.o
 .debug_macro   0x00000fbf       0x4c src/ASF/sam/services/flash_efc/flash_efc.o
 .debug_macro   0x0000100b       0x8d src/ASF/sam/services/flash_efc/flash_efc.o
 .debug_macro   0x00001098       0x35 src/ASF/sam/services/flash_efc/flash_efc.o
 .debug_macro   0x000010cd       0x9c src/ASF/sam/services/flash_efc/flash_efc.o
 .debug_macro   0x00001169      0x16d src/ASF/sam/services/flash_efc/flash_efc.o
 .debug_macro   0x000012d6       0x57 src/ASF/sam/services/flash_efc/flash_efc.o
 .debug_macro   0x0000132d       0x52 src/ASF/sam/services/flash_efc/flash_efc.o
 .debug_macro   0x0000137f       0x1f src/ASF/sam/services/flash_efc/flash_efc.o
 .debug_macro   0x0000139e       0x43 src/ASF/sam/services/flash_efc/flash_efc.o
 .debug_macro   0x000013e1       0x20 src/ASF/sam/services/flash_efc/flash_efc.o
 .debug_macro   0x00001401      0x187 src/ASF/sam/services/flash_efc/flash_efc.o
 .debug_macro   0x00001588      0x330 src/ASF/sam/services/flash_efc/flash_efc.o
 .debug_macro   0x000018b8       0x10 src/ASF/sam/services/flash_efc/flash_efc.o
 .debug_macro   0x000018c8       0x35 src/ASF/sam/services/flash_efc/flash_efc.o
 .debug_macro   0x000018fd       0x16 src/ASF/sam/services/flash_efc/flash_efc.o
 .debug_macro   0x00001913      0x64b src/ASF/sam/services/flash_efc/flash_efc.o
 .debug_macro   0x00001f5e       0x76 src/ASF/sam/services/flash_efc/flash_efc.o
 .debug_macro   0x00001fd4       0x16 src/ASF/sam/services/flash_efc/flash_efc.o
 .debug_macro   0x00001fea      0x6e4 src/ASF/sam/services/flash_efc/flash_efc.o
 .debug_macro   0x000026ce       0xef src/ASF/sam/services/flash_efc/flash_efc.o
 .debug_macro   0x000027bd       0x6a src/ASF/sam/services/flash_efc/flash_efc.o
 .debug_macro   0x00002827      0x1df src/ASF/sam/services/flash_efc/flash_efc.o
 .debug_macro   0x00002a06       0x27 src/ASF/sam/services/flash_efc/flash_efc.o
 .debug_macro   0x00002a2d       0x3b src/ASF/sam/services/flash_efc/flash_efc.o
 .debug_macro   0x00002a68       0x2d src/ASF/sam/services/flash_efc/flash_efc.o
 .debug_macro   0x00002a95       0x26 src/ASF/sam/services/flash_efc/flash_efc.o
 .debug_macro   0x00002abb      0xd39 src/ASF/sam/services/flash_efc/flash_efc.o
 .debug_macro   0x000037f4      0x7a4 src/ASF/sam/services/flash_efc/flash_efc.o
 .debug_macro   0x00003f98      0x19e src/ASF/sam/services/flash_efc/flash_efc.o
 .debug_macro   0x00004136      0x13e src/ASF/sam/services/flash_efc/flash_efc.o
 .debug_macro   0x00004274       0xbe src/ASF/sam/services/flash_efc/flash_efc.o
 .debug_macro   0x00004332      0x11e src/ASF/sam/services/flash_efc/flash_efc.o
 .debug_macro   0x00004450       0x4c src/ASF/sam/services/flash_efc/flash_efc.o
 .debug_macro   0x0000449c       0x1c src/ASF/sam/services/flash_efc/flash_efc.o
 .debug_macro   0x000044b8      0x3bf src/ASF/sam/services/flash_efc/flash_efc.o
 .debug_macro   0x00004877      0x31f src/ASF/sam/services/flash_efc/flash_efc.o
 .debug_macro   0x00004b96      0x15e src/ASF/sam/services/flash_efc/flash_efc.o
 .debug_macro   0x00004cf4       0xee src/ASF/sam/services/flash_efc/flash_efc.o
 .debug_macro   0x00004de2      0x1ff src/ASF/sam/services/flash_efc/flash_efc.o
 .debug_macro   0x00004fe1     0x25e8 src/ASF/sam/services/flash_efc/flash_efc.o
 .debug_macro   0x000075c9      0xc32 src/ASF/sam/services/flash_efc/flash_efc.o
 .debug_macro   0x000081fb       0xa6 src/ASF/sam/services/flash_efc/flash_efc.o
 .debug_macro   0x000082a1      0x37c src/ASF/sam/services/flash_efc/flash_efc.o
 .debug_macro   0x0000861d       0xee src/ASF/sam/services/flash_efc/flash_efc.o
 .debug_macro   0x0000870b      0x436 src/ASF/sam/services/flash_efc/flash_efc.o
 .debug_macro   0x00008b41      0x710 src/ASF/sam/services/flash_efc/flash_efc.o
 .debug_macro   0x00009251      0x5c6 src/ASF/sam/services/flash_efc/flash_efc.o
 .debug_macro   0x00009817      0x65c src/ASF/sam/services/flash_efc/flash_efc.o
 .debug_macro   0x00009e73      0x291 src/ASF/sam/services/flash_efc/flash_efc.o
 .debug_macro   0x0000a104      0x3df src/ASF/sam/services/flash_efc/flash_efc.o
 .debug_macro   0x0000a4e3      0x7d7 src/ASF/sam/services/flash_efc/flash_efc.o
 .debug_macro   0x0000acba       0x76 src/ASF/sam/services/flash_efc/flash_efc.o
 .debug_macro   0x0000ad30       0x82 src/ASF/sam/services/flash_efc/flash_efc.o
 .debug_macro   0x0000adb2       0x82 src/ASF/sam/services/flash_efc/flash_efc.o
 .debug_macro   0x0000ae34       0x1c src/ASF/sam/services/flash_efc/flash_efc.o
 .debug_macro   0x0000ae50       0xb8 src/ASF/sam/services/flash_efc/flash_efc.o
 .debug_macro   0x0000af08       0x8e src/ASF/sam/services/flash_efc/flash_efc.o
 .debug_macro   0x0000af96       0xac src/ASF/sam/services/flash_efc/flash_efc.o
 .debug_macro   0x0000b042       0x1c src/ASF/sam/services/flash_efc/flash_efc.o
 .debug_macro   0x0000b05e       0xb8 src/ASF/sam/services/flash_efc/flash_efc.o
 .debug_macro   0x0000b116       0x8e src/ASF/sam/services/flash_efc/flash_efc.o
 .debug_macro   0x0000b1a4       0xac src/ASF/sam/services/flash_efc/flash_efc.o
 .debug_macro   0x0000b250      0x10d src/ASF/sam/services/flash_efc/flash_efc.o
 .debug_macro   0x0000b35d       0xe2 src/ASF/sam/services/flash_efc/flash_efc.o
 .debug_macro   0x0000b43f       0x1c src/ASF/sam/services/flash_efc/flash_efc.o
 .debug_macro   0x0000b45b       0xb8 src/ASF/sam/services/flash_efc/flash_efc.o
 .debug_macro   0x0000b513       0x8e src/ASF/sam/services/flash_efc/flash_efc.o
 .debug_macro   0x0000b5a1       0xac src/ASF/sam/services/flash_efc/flash_efc.o
 .debug_macro   0x0000b64d       0x1c src/ASF/sam/services/flash_efc/flash_efc.o
 .debug_macro   0x0000b669       0xb8 src/ASF/sam/services/flash_efc/flash_efc.o
 .debug_macro   0x0000b721       0x8e src/ASF/sam/services/flash_efc/flash_efc.o
 .debug_macro   0x0000b7af       0xac src/ASF/sam/services/flash_efc/flash_efc.o
 .debug_macro   0x0000b85b       0x1c src/ASF/sam/services/flash_efc/flash_efc.o
 .debug_macro   0x0000b877       0xb8 src/ASF/sam/services/flash_efc/flash_efc.o
 .debug_macro   0x0000b92f       0x8e src/ASF/sam/services/flash_efc/flash_efc.o
 .debug_macro   0x0000b9bd       0xac src/ASF/sam/services/flash_efc/flash_efc.o
 .debug_macro   0x0000ba69       0x1c src/ASF/sam/services/flash_efc/flash_efc.o
 .debug_macro   0x0000ba85       0xb8 src/ASF/sam/services/flash_efc/flash_efc.o
 .debug_macro   0x0000bb3d       0x8e src/ASF/sam/services/flash_efc/flash_efc.o
 .debug_macro   0x0000bbcb       0xac src/ASF/sam/services/flash_efc/flash_efc.o
 .debug_macro   0x0000bc77       0x6a src/ASF/sam/services/flash_efc/flash_efc.o
 .debug_macro   0x0000bce1       0x70 src/ASF/sam/services/flash_efc/flash_efc.o
 .debug_macro   0x0000bd51       0x70 src/ASF/sam/services/flash_efc/flash_efc.o
 .debug_macro   0x0000bdc1       0x1c src/ASF/sam/services/flash_efc/flash_efc.o
 .debug_macro   0x0000bddd       0xb8 src/ASF/sam/services/flash_efc/flash_efc.o
 .debug_macro   0x0000be95       0x8e src/ASF/sam/services/flash_efc/flash_efc.o
 .debug_macro   0x0000bf23       0xac src/ASF/sam/services/flash_efc/flash_efc.o
 .debug_macro   0x0000bfcf       0xa6 src/ASF/sam/services/flash_efc/flash_efc.o
 .debug_macro   0x0000c075       0x46 src/ASF/sam/services/flash_efc/flash_efc.o
 .debug_macro   0x0000c0bb       0x1c src/ASF/sam/services/flash_efc/flash_efc.o
 .debug_macro   0x0000c0d7       0xb8 src/ASF/sam/services/flash_efc/flash_efc.o
 .debug_macro   0x0000c18f       0x8e src/ASF/sam/services/flash_efc/flash_efc.o
 .debug_macro   0x0000c21d       0xac src/ASF/sam/services/flash_efc/flash_efc.o
 .debug_macro   0x0000c2c9       0x52 src/ASF/sam/services/flash_efc/flash_efc.o
 .debug_macro   0x0000c31b       0x64 src/ASF/sam/services/flash_efc/flash_efc.o
 .debug_macro   0x0000c37f       0x8e src/ASF/sam/services/flash_efc/flash_efc.o
 .debug_macro   0x0000c40d       0x58 src/ASF/sam/services/flash_efc/flash_efc.o
 .debug_macro   0x0000c465       0xb8 src/ASF/sam/services/flash_efc/flash_efc.o
 .debug_macro   0x0000c51d       0x16 src/ASF/sam/services/flash_efc/flash_efc.o
 .debug_macro   0x0000c533       0x28 src/ASF/sam/services/flash_efc/flash_efc.o
 .debug_macro   0x0000c55b      0x135 src/ASF/sam/services/flash_efc/flash_efc.o
 .debug_macro   0x0000c690      0x135 src/ASF/sam/services/flash_efc/flash_efc.o
 .debug_macro   0x0000c7c5       0x1c src/ASF/sam/services/flash_efc/flash_efc.o
 .debug_macro   0x0000c7e1       0x34 src/ASF/sam/services/flash_efc/flash_efc.o
 .debug_macro   0x0000c815       0x28 src/ASF/sam/services/flash_efc/flash_efc.o
 .debug_macro   0x0000c83d       0x1c src/ASF/sam/services/flash_efc/flash_efc.o
 .debug_macro   0x0000c859       0x5e src/ASF/sam/services/flash_efc/flash_efc.o
 .debug_macro   0x0000c8b7       0x10 src/ASF/sam/services/flash_efc/flash_efc.o
 .debug_macro   0x0000c8c7      0x353 src/ASF/sam/services/flash_efc/flash_efc.o
 .debug_macro   0x0000cc1a      0xb4f src/ASF/sam/services/flash_efc/flash_efc.o
 .debug_macro   0x0000d769       0xc8 src/ASF/sam/services/flash_efc/flash_efc.o
 .debug_macro   0x0000d831       0x1c src/ASF/sam/services/flash_efc/flash_efc.o
 .debug_macro   0x0000d84d       0x10 src/ASF/sam/services/flash_efc/flash_efc.o
 .debug_macro   0x0000d85d       0x10 src/ASF/sam/services/flash_efc/flash_efc.o
 .debug_macro   0x0000d86d       0x1c src/ASF/sam/services/flash_efc/flash_efc.o
 .debug_macro   0x0000d889       0x52 src/ASF/sam/services/flash_efc/flash_efc.o
 .debug_macro   0x0000d8db       0x40 src/ASF/sam/services/flash_efc/flash_efc.o
 .debug_macro   0x0000d91b       0x10 src/ASF/sam/services/flash_efc/flash_efc.o
 .debug_macro   0x0000d92b       0x40 src/ASF/sam/services/flash_efc/flash_efc.o
 .debug_macro   0x0000d96b       0xd7 src/ASF/sam/services/flash_efc/flash_efc.o
 .debug_macro   0x0000da42       0x16 src/ASF/sam/services/flash_efc/flash_efc.o
 .debug_macro   0x0000da58      0x18b src/ASF/sam/services/flash_efc/flash_efc.o
 .debug_macro   0x0000dbe3       0x22 src/ASF/sam/services/flash_efc/flash_efc.o
 .debug_macro   0x0000dc05       0x16 src/ASF/sam/services/flash_efc/flash_efc.o
 .debug_macro   0x0000dc1b       0x16 src/ASF/sam/services/flash_efc/flash_efc.o
 .debug_macro   0x0000dc31       0x29 src/ASF/sam/services/flash_efc/flash_efc.o
 .debug_macro   0x0000dc5a       0x75 src/ASF/sam/services/flash_efc/flash_efc.o
 .debug_macro   0x0000dccf       0x3f src/ASF/sam/services/flash_efc/flash_efc.o
 .debug_macro   0x0000dd0e      0x3ca src/ASF/sam/services/flash_efc/flash_efc.o
 .debug_macro   0x0000e0d8       0x9a src/ASF/sam/services/flash_efc/flash_efc.o
 .debug_macro   0x0000e172       0x10 src/ASF/sam/services/flash_efc/flash_efc.o
 .debug_macro   0x0000e182       0x46 src/ASF/sam/services/flash_efc/flash_efc.o
 .debug_macro   0x0000e1c8      0x2c6 src/ASF/sam/services/flash_efc/flash_efc.o
 .debug_macro   0x0000e48e       0x10 src/ASF/sam/services/flash_efc/flash_efc.o
 .debug_macro   0x0000e49e      0x979 src/ASF/sam/services/flash_efc/flash_efc.o
 .debug_macro   0x0000ee17       0x76 src/ASF/sam/services/flash_efc/flash_efc.o
 .debug_macro   0x0000ee8d       0x64 src/ASF/sam/services/flash_efc/flash_efc.o
 .debug_macro   0x0000eef1       0x40 src/ASF/sam/services/flash_efc/flash_efc.o
 .debug_macro   0x0000ef31       0x90 src/ASF/sam/services/flash_efc/flash_efc.o
 .debug_macro   0x0000efc1      0x827 src/sam_ba_monitor.o
 .debug_macro   0x0000f7e8       0x87 src/sam_ba_monitor.o
 .debug_macro   0x0000f86f       0x51 src/sam_ba_monitor.o
 .debug_macro   0x0000f8c0       0x52 src/sam_ba_monitor.o
 .debug_macro   0x0000f912       0x16 src/sam_ba_monitor.o
 .debug_macro   0x0000f928       0x16 src/sam_ba_monitor.o
 .debug_macro   0x0000f93e       0x82 src/sam_ba_monitor.o
 .debug_macro   0x0000f9c0       0x94 src/sam_ba_monitor.o
 .debug_macro   0x0000fa54       0x34 src/sam_ba_monitor.o
 .debug_macro   0x0000fa88       0x16 src/sam_ba_monitor.o
 .debug_macro   0x0000fa9e       0x1c src/sam_ba_monitor.o
 .debug_macro   0x0000faba       0x2e src/sam_ba_monitor.o
 .debug_macro   0x0000fae8      0x228 src/sam_ba_monitor.o
 .debug_macro   0x0000fd10       0xac src/sam_ba_monitor.o
 .debug_macro   0x0000fdbc       0x9c src/sam_ba_monitor.o
 .debug_macro   0x0000fe58      0x24b src/sam_ba_monitor.o
 .debug_macro   0x000100a3      0x162 src/sam_ba_monitor.o
 .debug_macro   0x00010205       0x16 src/sam_ba_monitor.o
 .debug_macro   0x0001021b       0x1c src/sam_ba_monitor.o
 .debug_macro   0x00010237      0x192 src/sam_ba_monitor.o
 .debug_macro   0x000103c9       0x16 src/sam_ba_monitor.o
 .debug_macro   0x000103df       0x22 src/sam_ba_monitor.o
 .debug_macro   0x00010401      0x804 src/ASF/common/services/usb/class/cdc/device/example/samg55j19_samg_xplained_pro/ui.o
 .debug_macro   0x00010c05      0x69c src/ASF/common/services/clock/samg/sysclk.o
 .debug_macro   0x000112a1      0x2c0 src/ASF/common/services/clock/samg/sysclk.o
 .debug_macro   0x00011561      0x77c src/ASF/common/services/usb/class/cdc/device/udi_cdc.o
 .debug_macro   0x00011cdd       0xa6 src/ASF/common/services/usb/class/cdc/device/udi_cdc.o
 .debug_macro   0x00011d83      0x6e0 src/ASF/common/services/usb/class/cdc/device/udi_cdc_desc.o
 .debug_macro   0x00012463      0x6cc src/ASF/common/services/usb/udc/udc.o
 .debug_macro   0x00012b2f      0x5fd src/ASF/common/utils/interrupt/interrupt_sam_nvic.o
 .debug_macro   0x0001312c      0x625 src/ASF/sam/drivers/efc/efc.o
 .debug_macro   0x00013751       0x94 src/ASF/sam/drivers/efc/efc.o
 .debug_macro   0x000137e5      0x608 src/ASF/sam/drivers/matrix/matrix.o
 .debug_macro   0x00013ded      0x613 src/ASF/sam/drivers/pio/pio.o
 .debug_macro   0x00014400       0x8e src/ASF/sam/drivers/pio/pio.o
 .debug_macro   0x0001448e      0x61e src/ASF/sam/drivers/pio/pio_handler.o
 .debug_macro   0x00014aac      0x613 src/ASF/sam/drivers/pmc/pmc.o
 .debug_macro   0x000150bf       0x70 src/ASF/sam/drivers/pmc/pmc.o
 .debug_macro   0x0001512f      0x63c src/ASF/sam/drivers/pmc/sleep.o
 .debug_macro   0x0001576b      0x7c4 src/ASF/sam/drivers/udp/udp_device.o
 .debug_macro   0x00015f2f       0x88 src/ASF/sam/drivers/udp/udp_device.o
 .debug_macro   0x00015fb7      0x3f3 src/ASF/sam/drivers/udp/udp_device.o
 .debug_macro   0x000163aa      0x643 src/ASF/sam/drivers/usart/usart.o
 .debug_macro   0x000169ed       0x28 src/ASF/sam/drivers/usart/usart.o
 .debug_macro   0x00016a15      0x61a src/ASF/sam/utils/cmsis/samg/samg55/source/templates/gcc/startup_samg55.o
 .debug_macro   0x0001702f       0x10 src/ASF/sam/utils/cmsis/samg/samg55/source/templates/gcc/startup_samg55.o
 .debug_macro   0x0001703f      0x40f src/ASF/sam/utils/cmsis/samg/samg55/source/templates/system_samg55.o
 .debug_macro   0x0001744e       0x2d src/ASF/sam/utils/cmsis/samg/samg55/source/templates/system_samg55.o
 .debug_macro   0x0001747b      0x82b src/main.o
 .debug_macro   0x00017ca6       0x52 src/main.o
 .debug_macro   0x00017cf8      0x81f src/uart_sam.o
 .debug_macro   0x00018517       0x3a src/uart_sam.o

.debug_line     0x00000000    0x1039f
 .debug_line    0x00000000      0xd5d src/ASF/sam/services/flash_efc/flash_efc.o
 .debug_line    0x00000d5d      0xfa0 src/sam_ba_monitor.o
 .debug_line    0x00001cfd      0xf09 src/ASF/common/services/usb/class/cdc/device/example/samg55j19_samg_xplained_pro/ui.o
 .debug_line    0x00002c06      0xb30 src/ASF/common/services/clock/samg/sysclk.o
 .debug_line    0x00003736     0x11e7 src/ASF/common/services/usb/class/cdc/device/udi_cdc.o
 .debug_line    0x0000491d      0xab7 src/ASF/common/services/usb/class/cdc/device/udi_cdc_desc.o
 .debug_line    0x000053d4      0xce5 src/ASF/common/services/usb/udc/udc.o
 .debug_line    0x000060b9      0x955 src/ASF/common/utils/interrupt/interrupt_sam_nvic.o
 .debug_line    0x00006a0e      0xa8f src/ASF/sam/drivers/efc/efc.o
 .debug_line    0x0000749d      0xa52 src/ASF/sam/drivers/matrix/matrix.o
 .debug_line    0x00007eef      0xd11 src/ASF/sam/drivers/pio/pio.o
 .debug_line    0x00008c00      0x9de src/ASF/sam/drivers/pio/pio_handler.o
 .debug_line    0x000095de      0xf55 src/ASF/sam/drivers/pmc/pmc.o
 .debug_line    0x0000a533      0xac8 src/ASF/sam/drivers/pmc/sleep.o
 .debug_line    0x0000affb     0x15b2 src/ASF/sam/drivers/udp/udp_device.o
 .debug_line    0x0000c5ad      0xf6e src/ASF/sam/drivers/usart/usart.o
 .debug_line    0x0000d51b      0x9cf src/ASF/sam/utils/cmsis/samg/samg55/source/templates/gcc/startup_samg55.o
 .debug_line    0x0000deea      0x73f src/ASF/sam/utils/cmsis/samg/samg55/source/templates/system_samg55.o
 .debug_line    0x0000e629      0xed9 src/main.o
 .debug_line    0x0000f502      0xe9d src/uart_sam.o

.debug_str      0x00000000    0x5aaaa
 .debug_str     0x00000000    0x4e074 src/ASF/sam/services/flash_efc/flash_efc.o
                              0x4e50e (size before relaxing)
 .debug_str     0x0004e074     0x461f src/sam_ba_monitor.o
                              0x5247a (size before relaxing)
 .debug_str     0x00052693      0x3e8 src/ASF/common/services/usb/class/cdc/device/example/samg55j19_samg_xplained_pro/ui.o
                              0x525ef (size before relaxing)
 .debug_str     0x00052a7b      0x441 src/ASF/common/services/clock/samg/sysclk.o
                              0x4e271 (size before relaxing)
 .debug_str     0x00052ebc      0xd15 src/ASF/common/services/usb/class/cdc/device/udi_cdc.o
                              0x51afe (size before relaxing)
 .debug_str     0x00053bd1      0x44c src/ASF/common/services/usb/class/cdc/device/udi_cdc_desc.o
                              0x5115b (size before relaxing)
 .debug_str     0x0005401d      0x7c1 src/ASF/common/services/usb/udc/udc.o
                              0x50210 (size before relaxing)
 .debug_str     0x000547de       0x65 src/ASF/common/utils/interrupt/interrupt_sam_nvic.o
                              0x49bc8 (size before relaxing)
 .debug_str     0x00054843      0x1ed src/ASF/sam/drivers/efc/efc.o
                              0x4a0ad (size before relaxing)
 .debug_str     0x00054a30      0x43c src/ASF/sam/drivers/matrix/matrix.o
                              0x49fe2 (size before relaxing)
 .debug_str     0x00054e6c      0x4cd src/ASF/sam/drivers/pio/pio.o
                              0x4a5c2 (size before relaxing)
 .debug_str     0x00055339      0x4a5 src/ASF/sam/drivers/pio/pio_handler.o
                              0x4a6c5 (size before relaxing)
 .debug_str     0x000557de      0x65b src/ASF/sam/drivers/pmc/pmc.o
                              0x4a74a (size before relaxing)
 .debug_str     0x00055e39      0x15a src/ASF/sam/drivers/pmc/sleep.o
                              0x4d908 (size before relaxing)
 .debug_str     0x00055f93     0x331a src/ASF/sam/drivers/udp/udp_device.o
                              0x5432c (size before relaxing)
 .debug_str     0x000592ad      0xa77 src/ASF/sam/drivers/usart/usart.o
                              0x4a6d2 (size before relaxing)
 .debug_str     0x00059d24      0x643 src/ASF/sam/utils/cmsis/samg/samg55/source/templates/gcc/startup_samg55.o
                              0x4a2db (size before relaxing)
 .debug_str     0x0005a367      0x165 src/ASF/sam/utils/cmsis/samg/samg55/source/templates/system_samg55.o
                              0x3a757 (size before relaxing)
 .debug_str     0x0005a4cc      0x377 src/main.o
                              0x52c39 (size before relaxing)
 .debug_str     0x0005a843      0x267 src/uart_sam.o
                              0x52c24 (size before relaxing)

.debug_frame    0x00000000     0x20fc
 .debug_frame   0x00000000      0x288 src/ASF/sam/services/flash_efc/flash_efc.o
 .debug_frame   0x00000288       0x8c src/sam_ba_monitor.o
 .debug_frame   0x00000314       0xd0 src/ASF/common/services/usb/class/cdc/device/example/samg55j19_samg_xplained_pro/ui.o
 .debug_frame   0x000003e4       0x94 src/ASF/common/services/clock/samg/sysclk.o
 .debug_frame   0x00000478      0x47c src/ASF/common/services/usb/class/cdc/device/udi_cdc.o
 .debug_frame   0x000008f4      0x13c src/ASF/common/services/usb/udc/udc.o
 .debug_frame   0x00000a30       0x30 src/ASF/common/utils/interrupt/interrupt_sam_nvic.o
 .debug_frame   0x00000a60      0x168 src/ASF/sam/drivers/efc/efc.o
 .debug_frame   0x00000bc8      0x160 src/ASF/sam/drivers/matrix/matrix.o
 .debug_frame   0x00000d28      0x310 src/ASF/sam/drivers/pio/pio.o
 .debug_frame   0x00001038       0xc8 src/ASF/sam/drivers/pio/pio_handler.o
 .debug_frame   0x00001100      0x480 src/ASF/sam/drivers/pmc/pmc.o
 .debug_frame   0x00001580       0x5c src/ASF/sam/drivers/pmc/sleep.o
 .debug_frame   0x000015dc      0x354 src/ASF/sam/drivers/udp/udp_device.o
 .debug_frame   0x00001930      0x520 src/ASF/sam/drivers/usart/usart.o
 .debug_frame   0x00001e50       0x38 src/ASF/sam/utils/cmsis/samg/samg55/source/templates/gcc/startup_samg55.o
 .debug_frame   0x00001e88       0x40 src/ASF/sam/utils/cmsis/samg/samg55/source/templates/system_samg55.o
 .debug_frame   0x00001ec8       0x9c src/main.o
 .debug_frame   0x00001f64       0x94 src/uart_sam.o
 .debug_frame   0x00001ff8       0x2c c:/astudio/7.0/toolchain/arm/arm-gnu-toolchain/bin/../lib/gcc/arm-none-eabi/6.2.1/../../../../arm-none-eabi/lib/thumb/v7e-m\libc.a(lib_a-init.o)
 .debug_frame   0x00002024       0x50 c:/astudio/7.0/toolchain/arm/arm-gnu-toolchain/bin/../lib/gcc/arm-none-eabi/6.2.1/../../../../arm-none-eabi/lib/thumb/v7e-m\libc.a(lib_a-__call_atexit.o)
 .debug_frame   0x00002074       0x20 c:/astudio/7.0/toolchain/arm/arm-gnu-toolchain/bin/../lib/gcc/arm-none-eabi/6.2.1/../../../../arm-none-eabi/lib/thumb/v7e-m\libc.a(lib_a-atexit.o)
 .debug_frame   0x00002094       0x34 c:/astudio/7.0/toolchain/arm/arm-gnu-toolchain/bin/../lib/gcc/arm-none-eabi/6.2.1/../../../../arm-none-eabi/lib/thumb/v7e-m\libc.a(lib_a-fini.o)
 .debug_frame   0x000020c8       0x34 c:/astudio/7.0/toolchain/arm/arm-gnu-toolchain/bin/../lib/gcc/arm-none-eabi/6.2.1/../../../../arm-none-eabi/lib/thumb/v7e-m\libc.a(lib_a-__atexit.o)

Cross Reference Table

Symbol                                            File
ADC_Handler                                       src/ASF/sam/utils/cmsis/samg/samg55/source/templates/gcc/startup_samg55.o
ARM_Handler                                       src/ASF/sam/utils/cmsis/samg/samg55/source/templates/gcc/startup_samg55.o
BusFault_Handler                                  src/ASF/sam/utils/cmsis/samg/samg55/source/templates/gcc/startup_samg55.o
CRCCU_Handler                                     src/ASF/sam/utils/cmsis/samg/samg55/source/templates/gcc/startup_samg55.o
DebugMon_Handler                                  src/ASF/sam/utils/cmsis/samg/samg55/source/templates/gcc/startup_samg55.o
Dummy_Handler                                     src/ASF/sam/utils/cmsis/samg/samg55/source/templates/gcc/startup_samg55.o
EFC_Handler                                       src/ASF/sam/utils/cmsis/samg/samg55/source/templates/gcc/startup_samg55.o
FLEXCOM0_Handler                                  src/ASF/sam/utils/cmsis/samg/samg55/source/templates/gcc/startup_samg55.o
FLEXCOM1_Handler                                  src/ASF/sam/utils/cmsis/samg/samg55/source/templates/gcc/startup_samg55.o
FLEXCOM2_Handler                                  src/ASF/sam/utils/cmsis/samg/samg55/source/templates/gcc/startup_samg55.o
FLEXCOM3_Handler                                  src/ASF/sam/utils/cmsis/samg/samg55/source/templates/gcc/startup_samg55.o
FLEXCOM4_Handler                                  src/ASF/sam/utils/cmsis/samg/samg55/source/templates/gcc/startup_samg55.o
FLEXCOM5_Handler                                  src/ASF/sam/utils/cmsis/samg/samg55/source/templates/gcc/startup_samg55.o
FLEXCOM6_Handler                                  src/ASF/sam/utils/cmsis/samg/samg55/source/templates/gcc/startup_samg55.o
FLEXCOM7_Handler                                  src/uart_sam.o
                                                  src/ASF/sam/utils/cmsis/samg/samg55/source/templates/gcc/startup_samg55.o
HardFault_Handler                                 src/ASF/sam/utils/cmsis/samg/samg55/source/templates/gcc/startup_samg55.o
I2SC0_Handler                                     src/ASF/sam/utils/cmsis/samg/samg55/source/templates/gcc/startup_samg55.o
I2SC1_Handler                                     src/ASF/sam/utils/cmsis/samg/samg55/source/templates/gcc/startup_samg55.o
MEM2MEM_Handler                                   src/ASF/sam/utils/cmsis/samg/samg55/source/templates/gcc/startup_samg55.o
MemManage_Handler                                 src/ASF/sam/utils/cmsis/samg/samg55/source/templates/gcc/startup_samg55.o
NMI_Handler                                       src/ASF/sam/utils/cmsis/samg/samg55/source/templates/gcc/startup_samg55.o
PDMIC0_Handler                                    src/ASF/sam/utils/cmsis/samg/samg55/source/templates/gcc/startup_samg55.o
PDMIC1_Handler                                    src/ASF/sam/utils/cmsis/samg/samg55/source/templates/gcc/startup_samg55.o
PIOA_Handler                                      src/ASF/sam/drivers/pio/pio_handler.o
PIOB_Handler                                      src/ASF/sam/drivers/pio/pio_handler.o
PMC_Handler                                       src/ASF/sam/utils/cmsis/samg/samg55/source/templates/gcc/startup_samg55.o
PendSV_Handler                                    src/ASF/sam/utils/cmsis/samg/samg55/source/templates/gcc/startup_samg55.o
RSTC_Handler                                      src/ASF/sam/utils/cmsis/samg/samg55/source/templates/gcc/startup_samg55.o
RTC_Handler                                       src/ASF/sam/utils/cmsis/samg/samg55/source/templates/gcc/startup_samg55.o
RTT_Handler                                       src/ASF/sam/utils/cmsis/samg/samg55/source/templates/gcc/startup_samg55.o
Reset_Handler                                     src/ASF/sam/utils/cmsis/samg/samg55/source/templates/gcc/startup_samg55.o
RomBOOT_Version                                   src/sam_ba_monitor.o
SUPC_Handler                                      src/ASF/sam/utils/cmsis/samg/samg55/source/templates/gcc/startup_samg55.o
SVC_Handler                                       src/ASF/sam/utils/cmsis/samg/samg55/source/templates/gcc/startup_samg55.o
SysTick_Handler                                   src/main.o
                                                  src/ASF/sam/utils/cmsis/samg/samg55/source/templates/gcc/startup_samg55.o
SystemCoreClock                                   src/ASF/sam/utils/cmsis/samg/samg55/source/templates/system_samg55.o
                                                  src/main.o
                                                  src/ASF/common/services/clock/samg/sysclk.o
SystemCoreClockUpdate                             src/ASF/sam/utils/cmsis/samg/samg55/source/templates/system_samg55.o
                                                  src/ASF/common/services/clock/samg/sysclk.o
SystemInit                                        src/ASF/sam/utils/cmsis/samg/samg55/source/templates/system_samg55.o
TC0_Handler                                       src/ASF/sam/utils/cmsis/samg/samg55/source/templates/gcc/startup_samg55.o
TC1_Handler                                       src/ASF/sam/utils/cmsis/samg/samg55/source/templates/gcc/startup_samg55.o
TC2_Handler                                       src/ASF/sam/utils/cmsis/samg/samg55/source/templates/gcc/startup_samg55.o
TC3_Handler                                       src/ASF/sam/utils/cmsis/samg/samg55/source/templates/gcc/startup_samg55.o
TC4_Handler                                       src/ASF/sam/utils/cmsis/samg/samg55/source/templates/gcc/startup_samg55.o
TC5_Handler                                       src/ASF/sam/utils/cmsis/samg/samg55/source/templates/gcc/startup_samg55.o
UDP_Handler                                       src/ASF/sam/drivers/udp/udp_device.o
UHP_Handler                                       src/ASF/sam/utils/cmsis/samg/samg55/source/templates/gcc/startup_samg55.o
UsageFault_Handler                                src/ASF/sam/utils/cmsis/samg/samg55/source/templates/gcc/startup_samg55.o
WDT_Handler                                       src/ASF/sam/utils/cmsis/samg/samg55/source/templates/gcc/startup_samg55.o
_Jv_RegisterClasses                               c:/astudio/7.0/toolchain/arm/arm-gnu-toolchain/bin/../lib/gcc/arm-none-eabi/6.2.1/thumb/v7e-m/crtbegin.o
__bss_end__                                       c:/astudio/7.0/toolchain/arm/arm-gnu-toolchain/bin/../lib/gcc/arm-none-eabi/6.2.1/../../../../arm-none-eabi/lib/thumb/v7e-m/crt0.o
__bss_start__                                     c:/astudio/7.0/toolchain/arm/arm-gnu-toolchain/bin/../lib/gcc/arm-none-eabi/6.2.1/../../../../arm-none-eabi/lib/thumb/v7e-m/crt0.o
__call_exitprocs                                  c:/astudio/7.0/toolchain/arm/arm-gnu-toolchain/bin/../lib/gcc/arm-none-eabi/6.2.1/../../../../arm-none-eabi/lib/thumb/v7e-m\libc.a(lib_a-__call_atexit.o)
                                                  c:/astudio/7.0/toolchain/arm/arm-gnu-toolchain/bin/../lib/gcc/arm-none-eabi/6.2.1/../../../../arm-none-eabi/lib/thumb/v7e-m\libc.a(lib_a-exit.o)
__deregister_frame_info                           c:/astudio/7.0/toolchain/arm/arm-gnu-toolchain/bin/../lib/gcc/arm-none-eabi/6.2.1/thumb/v7e-m/crtbegin.o
__dso_handle                                      c:/astudio/7.0/toolchain/arm/arm-gnu-toolchain/bin/../lib/gcc/arm-none-eabi/6.2.1/thumb/v7e-m/crtbegin.o
__fini_array_end                                  c:/astudio/7.0/toolchain/arm/arm-gnu-toolchain/bin/../lib/gcc/arm-none-eabi/6.2.1/../../../../arm-none-eabi/lib/thumb/v7e-m\libc.a(lib_a-fini.o)
__fini_array_start                                c:/astudio/7.0/toolchain/arm/arm-gnu-toolchain/bin/../lib/gcc/arm-none-eabi/6.2.1/../../../../arm-none-eabi/lib/thumb/v7e-m\libc.a(lib_a-fini.o)
__init_array_end                                  c:/astudio/7.0/toolchain/arm/arm-gnu-toolchain/bin/../lib/gcc/arm-none-eabi/6.2.1/../../../../arm-none-eabi/lib/thumb/v7e-m\libc.a(lib_a-init.o)
__init_array_start                                c:/astudio/7.0/toolchain/arm/arm-gnu-toolchain/bin/../lib/gcc/arm-none-eabi/6.2.1/../../../../arm-none-eabi/lib/thumb/v7e-m\libc.a(lib_a-init.o)
__libc_fini                                       c:/astudio/7.0/toolchain/arm/arm-gnu-toolchain/bin/../lib/gcc/arm-none-eabi/6.2.1/../../../../arm-none-eabi/lib/thumb/v7e-m\libc.a(lib_a-__call_atexit.o)
__libc_fini_array                                 c:/astudio/7.0/toolchain/arm/arm-gnu-toolchain/bin/../lib/gcc/arm-none-eabi/6.2.1/../../../../arm-none-eabi/lib/thumb/v7e-m\libc.a(lib_a-fini.o)
                                                  c:/astudio/7.0/toolchain/arm/arm-gnu-toolchain/bin/../lib/gcc/arm-none-eabi/6.2.1/../../../../arm-none-eabi/lib/thumb/v7e-m\libc.a(lib_a-__call_atexit.o)
                                                  c:/astudio/7.0/toolchain/arm/arm-gnu-toolchain/bin/../lib/gcc/arm-none-eabi/6.2.1/../../../../arm-none-eabi/lib/thumb/v7e-m/crt0.o
__libc_init_array                                 c:/astudio/7.0/toolchain/arm/arm-gnu-toolchain/bin/../lib/gcc/arm-none-eabi/6.2.1/../../../../arm-none-eabi/lib/thumb/v7e-m\libc.a(lib_a-init.o)
                                                  src/ASF/sam/utils/cmsis/samg/samg55/source/templates/gcc/startup_samg55.o
                                                  c:/astudio/7.0/toolchain/arm/arm-gnu-toolchain/bin/../lib/gcc/arm-none-eabi/6.2.1/../../../../arm-none-eabi/lib/thumb/v7e-m/crt0.o
__preinit_array_end                               c:/astudio/7.0/toolchain/arm/arm-gnu-toolchain/bin/../lib/gcc/arm-none-eabi/6.2.1/../../../../arm-none-eabi/lib/thumb/v7e-m\libc.a(lib_a-init.o)
__preinit_array_start                             c:/astudio/7.0/toolchain/arm/arm-gnu-toolchain/bin/../lib/gcc/arm-none-eabi/6.2.1/../../../../arm-none-eabi/lib/thumb/v7e-m\libc.a(lib_a-init.o)
__ram_end__                                       src/ASF/sam/utils/syscalls/gcc/syscalls.o
__register_exitproc                               c:/astudio/7.0/toolchain/arm/arm-gnu-toolchain/bin/../lib/gcc/arm-none-eabi/6.2.1/../../../../arm-none-eabi/lib/thumb/v7e-m\libc.a(lib_a-__atexit.o)
                                                  c:/astudio/7.0/toolchain/arm/arm-gnu-toolchain/bin/../lib/gcc/arm-none-eabi/6.2.1/../../../../arm-none-eabi/lib/thumb/v7e-m\libc.a(lib_a-atexit.o)
__register_frame_info                             c:/astudio/7.0/toolchain/arm/arm-gnu-toolchain/bin/../lib/gcc/arm-none-eabi/6.2.1/thumb/v7e-m/crtbegin.o
__stack                                           c:/astudio/7.0/toolchain/arm/arm-gnu-toolchain/bin/../lib/gcc/arm-none-eabi/6.2.1/../../../../arm-none-eabi/lib/thumb/v7e-m/crt0.o
_close                                            src/ASF/sam/utils/syscalls/gcc/syscalls.o
_end                                              src/ASF/sam/utils/syscalls/gcc/syscalls.o
_erelocate                                        src/ASF/sam/utils/cmsis/samg/samg55/source/templates/gcc/startup_samg55.o
_estack                                           src/ASF/sam/utils/cmsis/samg/samg55/source/templates/gcc/startup_samg55.o
_etext                                            src/ASF/sam/utils/cmsis/samg/samg55/source/templates/gcc/startup_samg55.o
_exit                                             src/ASF/sam/utils/syscalls/gcc/syscalls.o
                                                  c:/astudio/7.0/toolchain/arm/arm-gnu-toolchain/bin/../lib/gcc/arm-none-eabi/6.2.1/../../../../arm-none-eabi/lib/thumb/v7e-m\libc.a(lib_a-exit.o)
_ezero                                            src/ASF/sam/utils/cmsis/samg/samg55/source/templates/gcc/startup_samg55.o
_fini                                             c:/astudio/7.0/toolchain/arm/arm-gnu-toolchain/bin/../lib/gcc/arm-none-eabi/6.2.1/thumb/v7e-m/crti.o
                                                  c:/astudio/7.0/toolchain/arm/arm-gnu-toolchain/bin/../lib/gcc/arm-none-eabi/6.2.1/../../../../arm-none-eabi/lib/thumb/v7e-m\libc.a(lib_a-fini.o)
_fstat                                            src/ASF/sam/utils/syscalls/gcc/syscalls.o
_getpid                                           src/ASF/sam/utils/syscalls/gcc/syscalls.o
_global_impure_ptr                                c:/astudio/7.0/toolchain/arm/arm-gnu-toolchain/bin/../lib/gcc/arm-none-eabi/6.2.1/../../../../arm-none-eabi/lib/thumb/v7e-m\libc.a(lib_a-impure.o)
                                                  c:/astudio/7.0/toolchain/arm/arm-gnu-toolchain/bin/../lib/gcc/arm-none-eabi/6.2.1/../../../../arm-none-eabi/lib/thumb/v7e-m\libc.a(lib_a-__atexit.o)
                                                  c:/astudio/7.0/toolchain/arm/arm-gnu-toolchain/bin/../lib/gcc/arm-none-eabi/6.2.1/../../../../arm-none-eabi/lib/thumb/v7e-m\libc.a(lib_a-__call_atexit.o)
                                                  c:/astudio/7.0/toolchain/arm/arm-gnu-toolchain/bin/../lib/gcc/arm-none-eabi/6.2.1/../../../../arm-none-eabi/lib/thumb/v7e-m\libc.a(lib_a-exit.o)
_impure_ptr                                       c:/astudio/7.0/toolchain/arm/arm-gnu-toolchain/bin/../lib/gcc/arm-none-eabi/6.2.1/../../../../arm-none-eabi/lib/thumb/v7e-m\libc.a(lib_a-impure.o)
_init                                             c:/astudio/7.0/toolchain/arm/arm-gnu-toolchain/bin/../lib/gcc/arm-none-eabi/6.2.1/thumb/v7e-m/crti.o
                                                  c:/astudio/7.0/toolchain/arm/arm-gnu-toolchain/bin/../lib/gcc/arm-none-eabi/6.2.1/../../../../arm-none-eabi/lib/thumb/v7e-m\libc.a(lib_a-init.o)
_isatty                                           src/ASF/sam/utils/syscalls/gcc/syscalls.o
_kill                                             src/ASF/sam/utils/syscalls/gcc/syscalls.o
_lseek                                            src/ASF/sam/utils/syscalls/gcc/syscalls.o
_mainCRTStartup                                   c:/astudio/7.0/toolchain/arm/arm-gnu-toolchain/bin/../lib/gcc/arm-none-eabi/6.2.1/../../../../arm-none-eabi/lib/thumb/v7e-m/crt0.o
_sbrk                                             src/ASF/sam/utils/syscalls/gcc/syscalls.o
_sfixed                                           src/ASF/sam/utils/cmsis/samg/samg55/source/templates/gcc/startup_samg55.o
_srelocate                                        src/ASF/sam/utils/cmsis/samg/samg55/source/templates/gcc/startup_samg55.o
_start                                            c:/astudio/7.0/toolchain/arm/arm-gnu-toolchain/bin/../lib/gcc/arm-none-eabi/6.2.1/../../../../arm-none-eabi/lib/thumb/v7e-m/crt0.o
_szero                                            src/ASF/sam/utils/cmsis/samg/samg55/source/templates/gcc/startup_samg55.o
atexit                                            c:/astudio/7.0/toolchain/arm/arm-gnu-toolchain/bin/../lib/gcc/arm-none-eabi/6.2.1/../../../../arm-none-eabi/lib/thumb/v7e-m\libc.a(lib_a-atexit.o)
                                                  c:/astudio/7.0/toolchain/arm/arm-gnu-toolchain/bin/../lib/gcc/arm-none-eabi/6.2.1/../../../../arm-none-eabi/lib/thumb/v7e-m\libc.a(lib_a-__call_atexit.o)
                                                  c:/astudio/7.0/toolchain/arm/arm-gnu-toolchain/bin/../lib/gcc/arm-none-eabi/6.2.1/../../../../arm-none-eabi/lib/thumb/v7e-m/crt0.o
b_terminal_mode                                   src/sam_ba_monitor.o
board_init                                        src/ASF/sam/boards/samg55_xplained_pro/board_init.o
call_applet                                       src/sam_ba_monitor.o
command                                           src/sam_ba_monitor.o
cpu_irq_enter_critical                            src/ASF/common/utils/interrupt/interrupt_sam_nvic.o
cpu_irq_leave_critical                            src/ASF/common/utils/interrupt/interrupt_sam_nvic.o
current_number                                    src/sam_ba_monitor.o
data                                              src/sam_ba_monitor.o
efc_disable_cloe                                  src/ASF/sam/drivers/efc/efc.o
efc_disable_frdy_interrupt                        src/ASF/sam/drivers/efc/efc.o
efc_enable_cloe                                   src/ASF/sam/drivers/efc/efc.o
efc_enable_frdy_interrupt                         src/ASF/sam/drivers/efc/efc.o
efc_get_flash_access_mode                         src/ASF/sam/drivers/efc/efc.o
efc_get_result                                    src/ASF/sam/drivers/efc/efc.o
                                                  src/ASF/sam/services/flash_efc/flash_efc.o
efc_get_status                                    src/ASF/sam/drivers/efc/efc.o
efc_get_wait_state                                src/ASF/sam/drivers/efc/efc.o
                                                  src/ASF/sam/services/flash_efc/flash_efc.o
efc_init                                          src/ASF/sam/drivers/efc/efc.o
                                                  src/ASF/sam/services/flash_efc/flash_efc.o
efc_perform_command                               src/ASF/sam/drivers/efc/efc.o
                                                  src/ASF/sam/services/flash_efc/flash_efc.o
efc_perform_fcr                                   src/ASF/sam/drivers/efc/efc.o
efc_perform_read_sequence                         src/ASF/sam/drivers/efc/efc.o
                                                  src/ASF/common/services/clock/samg/sysclk.o
                                                  src/ASF/sam/services/flash_efc/flash_efc.o
efc_set_flash_access_mode                         src/ASF/sam/drivers/efc/efc.o
efc_set_wait_state                                src/ASF/sam/drivers/efc/efc.o
                                                  src/ASF/sam/services/flash_efc/flash_efc.o
efc_write_fmr                                     src/ASF/sam/drivers/efc/efc.o
exception_table                                   src/ASF/sam/utils/cmsis/samg/samg55/source/templates/gcc/startup_samg55.o
exit                                              c:/astudio/7.0/toolchain/arm/arm-gnu-toolchain/bin/../lib/gcc/arm-none-eabi/6.2.1/../../../../arm-none-eabi/lib/thumb/v7e-m\libc.a(lib_a-exit.o)
                                                  c:/astudio/7.0/toolchain/arm/arm-gnu-toolchain/bin/../lib/gcc/arm-none-eabi/6.2.1/../../../../arm-none-eabi/lib/thumb/v7e-m/crt0.o
flash_clear_gpnvm                                 src/ASF/sam/services/flash_efc/flash_efc.o
flash_enable_security_bit                         src/ASF/sam/services/flash_efc/flash_efc.o
flash_erase_all                                   src/ASF/sam/services/flash_efc/flash_efc.o
flash_erase_page                                  src/ASF/sam/services/flash_efc/flash_efc.o
flash_erase_sector                                src/ASF/sam/services/flash_efc/flash_efc.o
flash_erase_user_signature                        src/ASF/sam/services/flash_efc/flash_efc.o
flash_get_descriptor                              src/ASF/sam/services/flash_efc/flash_efc.o
flash_get_page_count                              src/ASF/sam/services/flash_efc/flash_efc.o
flash_get_page_count_per_region                   src/ASF/sam/services/flash_efc/flash_efc.o
flash_get_region_count                            src/ASF/sam/services/flash_efc/flash_efc.o
flash_get_wait_state                              src/ASF/sam/services/flash_efc/flash_efc.o
flash_init                                        src/ASF/sam/services/flash_efc/flash_efc.o
                                                  src/main.o